{"logTime": "0815/131040", "correlationVector":"jxLMZGc4Ll8YeVgkaEDT+y.1","action":"SyncServerConnectionManagerRequest", "result":"SYNC_SERVER_OK", "context":{"environment":"Prod_southeastasia_prod-s01-064-apac-southeastasia", "migrationStage":"NotStarted", "server":"akswtt00300000c"}}
{"logTime": "0815/131040", "correlationVector":"jxLMZGc4Ll8YeVgkaEDT+y.2","action":"ProcessGetUpdates", "result":"Done", "context":{"dataType":"Encryption Keys", "deleted":"0", "process_failed_to_decrypt":"0", "process_pending_decryption":"0", "process_success":"1", "total":"1"}}
{"logTime": "0815/131041", "correlationVector":"Xwr3ngNn4G43MjBaRvfu1Y","action":"SyncServerConnectionManagerRequest", "result":"SYNC_SERVER_OK", "context":{"environment":"", "migrationStage":"", "server":""}}
{"logTime": "0815/131041", "correlationVector":"Xwr3ngNn4G43MjBaRvfu1Y.0","action":"EncryptionKeysFetcher.DownloadKeys:", "result":"Success", "context":Key count: 10, Last key timestamp: 2026-03-31T08:11:56Z}
{"logTime": "0815/131041", "correlationVector":"Xwr3ngNn4G43MjBaRvfu1Y.1","action":"EncryptionKeysManager::SetEncryptionKeys:", "result":"Success", "context":Key names[10]:[O9ccLkIrP1rpMWsziEtu3bnZJddX+578CEhWb4CeEd8Kk4LOMrNPX5IhH4+jghkaStja5NaRekwgXhyLBjEOfw==][2Q/JkLy+hwReTQy2ASgB9+0UordDBHtAmU9ea4KrJUFLCZ34a32A7op+rrS5KWLwXulAkRNVfO7UptO1LDtRAQ==][JZglLylo2+vI8Yz/2gC1lo9ZXX+r+163RuAfcxR3c2WVM69N0BBPS4XZH0zWLryTbXXrJ1Pv7xBpI/zB+rrQFA==][5mSH/C8UPQKnz8UoNKUzXnpphW/TiX6CpAOWE255Xp8xNiSCCjmrqdEHszdESs5HnY+3GOxQU57n6bJSdDJtMw==][+HIzs+92ORAx9Zwwp6fzruviuhsfkVAYs34FcYLoIWaC+KQ7gST4WuYTDUKUA/RKspZpg5fKGpZSauk0UtuVvQ==][Yut8gsur4dS0QDmpqCJt6pyKOJ362Wb6LXG6+UePYaZlCLBnV7y02SoEf0IDeAbYe3mBGJOo7F9UatHug5h8OQ==][/pzpfmidD31dmFgl4BwOASlzWFZFgII6zPuy8ba2NkTX1w2/T3RXxmXC3GyC4VS+KME0fnq4fVJRQQ6F65KXYQ==][ju94Pd2IPQR9tTCpdWMwjFrXt585t0OaJYuQEv5FOKl98Z/2gFIdh4/VAwSqbe4KKVuCnS4euZbT+rlw/EvExA==][BIYNSkoKf7lpeOYRTa8TL9uWgRdG7du1w3wzv2UKDfhB+NaauMlcf5OZYtzZeTvyOb8UzYOUAIgvJBcOKnzHmQ==][JuqqNTAe7ihWz6djQmAdTyFEzsPifUhYE6nU2Q/lpt3egf/JOCedTn4RSWZ/tKOMqlLAO9uzdeMckADXF9Xu0Q==]}
{"logTime": "0815/131041", "correlationVector":"Xwr3ngNn4G43MjBaRvfu1Y.2","action":"EncryptionKeysManager::SetEncryptionKeysWithTimestamps:", "result":"Success", "context":Key timestamps[10]:[2021-08-19T04:57:27Z][2022-02-16T03:36:11Z][2022-08-15T12:01:47Z][2023-02-14T03:51:20Z][2023-08-17T11:15:27Z][2024-02-18T05:52:23Z][2024-08-18T08:52:35Z][2025-04-01T12:32:06Z][2025-10-02T05:50:58Z][2026-03-31T08:11:56Z]}
{"logTime": "0815/131041", "correlationVector":"jxLMZGc4Ll8YeVgkaEDT+y","action":"Initial GetUpdates", "result":"", "context":Reason: NEW_CLIENT. cV=jxLMZGc4Ll8YeVgkaEDT+y}
{"logTime": "0815/131041", "correlationVector":"jxLMZGc4Ll8YeVgkaEDT+y.3","action":"GetUpdates Response", "result":"Success", "context":Received 1 update(s). cV=jxLMZGc4Ll8YeVgkaEDT+y.0;server=akswtt00300000c;cloudType=Consumer;environment=Prod_southeastasia_prod-s01-064-apac-southeastasia;migrationStage=NotStarted}
{"logTime": "0815/131041", "correlationVector":"Yx53XjUj8sNOi1NeBjzj3+","action":"Initial GetUpdates", "result":"", "context":Reason: NEWLY_SUPPORTED_DATATYPE. cV=Yx53XjUj8sNOi1NeBjzj3+}
{"logTime": "0815/131042", "correlationVector":"Yx53XjUj8sNOi1NeBjzj3+.1","action":"SyncServerConnectionManagerRequest", "result":"SYNC_SERVER_OK", "context":{"environment":"Prod_southeastasia_prod-s01-064-apac-southeastasia", "migrationStage":"NotStarted", "server":"akswtt00300000a"}}
{"logTime": "0815/131042", "correlationVector":"Yx53XjUj8sNOi1NeBjzj3+.2","action":"ProcessGetUpdates", "result":"Done", "context":{"dataType":"Passwords", "deleted":"0", "process_failed_to_decrypt":"0", "process_pending_decryption":"0", "process_success":"74", "total":"74"}}
{"logTime": "0815/131042", "correlationVector":"Yx53XjUj8sNOi1NeBjzj3+.3","action":"ProcessGetUpdates", "result":"Done", "context":{"dataType":"Device Info", "deleted":"0", "process_failed_to_decrypt":"0", "process_pending_decryption":"0", "process_success":"33", "total":"33"}}
{"logTime": "0815/131042", "correlationVector":"Yx53XjUj8sNOi1NeBjzj3+.4","action":"GetUpdates Response", "result":"Success", "context":Received 107 update(s). cV=Yx53XjUj8sNOi1NeBjzj3+.0;server=akswtt00300000a;cloudType=Consumer;environment=Prod_southeastasia_prod-s01-064-apac-southeastasia;migrationStage=NotStarted}
{"logTime": "0815/131042", "correlationVector":"Wzcc+pLr+xEHldahyinGua","action":"Initial GetUpdates", "result":"", "context":Reason: NEWLY_SUPPORTED_DATATYPE. cV=Wzcc+pLr+xEHldahyinGua}
{"logTime": "0815/131043", "correlationVector":"Wzcc+pLr+xEHldahyinGua.1","action":"SyncServerConnectionManagerRequest", "result":"SYNC_SERVER_OK", "context":{"environment":"Prod_southeastasia_prod-s01-064-apac-southeastasia", "migrationStage":"NotStarted", "server":"akswtt00300001f"}}
{"logTime": "0815/131043", "correlationVector":"Wzcc+pLr+xEHldahyinGua.2","action":"ProcessGetUpdates", "result":"Done", "context":{"dataType":"Bookmarks", "deleted":"0", "process_failed_to_decrypt":"0", "process_pending_decryption":"0", "process_success":"99", "total":"99"}}
{"logTime": "0815/131043", "correlationVector":"Wzcc+pLr+xEHldahyinGua.3","action":"ProcessGetUpdates", "result":"Done", "context":{"dataType":"Preferences", "deleted":"0", "process_failed_to_decrypt":"0", "process_pending_decryption":"0", "process_success":"106", "total":"106"}}
{"logTime": "0815/131043", "correlationVector":"Wzcc+pLr+xEHldahyinGua.4","action":"ProcessGetUpdates", "result":"Done", "context":{"dataType":"Autofill Profiles", "deleted":"0", "process_failed_to_decrypt":"0", "process_pending_decryption":"0", "process_success":"1", "total":"1"}}
{"logTime": "0815/131043", "correlationVector":"Wzcc+pLr+xEHldahyinGua.5","action":"ProcessGetUpdates", "result":"Done", "context":{"dataType":"Autofill", "deleted":"0", "process_failed_to_decrypt":"0", "process_pending_decryption":"0", "process_success":"20", "total":"20"}}
{"logTime": "0815/131043", "correlationVector":"Wzcc+pLr+xEHldahyinGua.6","action":"ProcessGetUpdates", "result":"Done", "context":{"dataType":"Extensions", "deleted":"0", "process_failed_to_decrypt":"0", "process_pending_decryption":"0", "process_success":"8", "total":"8"}}
{"logTime": "0815/131043", "correlationVector":"Wzcc+pLr+xEHldahyinGua.7","action":"ProcessGetUpdates", "result":"Done", "context":{"dataType":"Extension settings", "deleted":"0", "process_failed_to_decrypt":"0", "process_pending_decryption":"0", "process_success":"16", "total":"16"}}
{"logTime": "0815/131043", "correlationVector":"Wzcc+pLr+xEHldahyinGua.8","action":"GetUpdates Response", "result":"Success", "context":Received 250 update(s). cV=Wzcc+pLr+xEHldahyinGua.0;server=akswtt00300001f;cloudType=Consumer;environment=Prod_southeastasia_prod-s01-064-apac-southeastasia;migrationStage=NotStarted Some updates remain.}
{"logTime": "0815/131043", "correlationVector":"TjURtnIhDEUPug23rjGyYI","action":"Initial GetUpdates", "result":"", "context":Reason: NEWLY_SUPPORTED_DATATYPE. cV=TjURtnIhDEUPug23rjGyYI}
{"logTime": "0815/131044", "correlationVector":"TjURtnIhDEUPug23rjGyYI.1","action":"SyncServerConnectionManagerRequest", "result":"SYNC_SERVER_OK", "context":{"environment":"Prod_southeastasia_prod-s01-064-apac-southeastasia", "migrationStage":"NotStarted", "server":"akswtt003000014"}}
{"logTime": "0815/131044", "correlationVector":"TjURtnIhDEUPug23rjGyYI.2","action":"ProcessGetUpdates", "result":"Done", "context":{"dataType":"Preferences", "deleted":"0", "process_failed_to_decrypt":"0", "process_pending_decryption":"0", "process_success":"5", "total":"5"}}
{"logTime": "0815/131044", "correlationVector":"TjURtnIhDEUPug23rjGyYI.3","action":"ProcessGetUpdates", "result":"Done", "context":{"dataType":"Autofill Profiles", "deleted":"1", "process_failed_to_decrypt":"0", "process_pending_decryption":"0", "process_success":"1", "total":"1"}}
{"logTime": "0815/131044", "correlationVector":"TjURtnIhDEUPug23rjGyYI.4","action":"ProcessGetUpdates", "result":"Done", "context":{"dataType":"Autofill", "deleted":"0", "process_failed_to_decrypt":"0", "process_pending_decryption":"0", "process_success":"3", "total":"3"}}
{"logTime": "0815/131044", "correlationVector":"TjURtnIhDEUPug23rjGyYI.5","action":"ProcessGetUpdates", "result":"Done", "context":{"dataType":"Extensions", "deleted":"1", "process_failed_to_decrypt":"0", "process_pending_decryption":"0", "process_success":"8", "total":"8"}}
{"logTime": "0815/131044", "correlationVector":"TjURtnIhDEUPug23rjGyYI.6","action":"ProcessGetUpdates", "result":"Done", "context":{"dataType":"Sessions", "deleted":"24", "process_failed_to_decrypt":"0", "process_pending_decryption":"0", "process_success":"30", "total":"30"}}
{"logTime": "0815/131044", "correlationVector":"TjURtnIhDEUPug23rjGyYI.7","action":"ProcessGetUpdates", "result":"Done", "context":{"dataType":"Web Apps", "deleted":"0", "process_failed_to_decrypt":"0", "process_pending_decryption":"0", "process_success":"1", "total":"1"}}
{"logTime": "0815/131044", "correlationVector":"TjURtnIhDEUPug23rjGyYI.8","action":"ProcessGetUpdates", "result":"Done", "context":{"dataType":"Edge Hub App Usage", "deleted":"1", "process_failed_to_decrypt":"0", "process_pending_decryption":"0", "process_success":"5", "total":"5"}}
{"logTime": "0815/131044", "correlationVector":"TjURtnIhDEUPug23rjGyYI.9","action":"GetUpdates Response", "result":"Success", "context":Received 53 update(s). cV=TjURtnIhDEUPug23rjGyYI.0;server=akswtt003000014;cloudType=Consumer;environment=Prod_southeastasia_prod-s01-064-apac-southeastasia;migrationStage=NotStarted}
{"logTime": "0815/131044", "correlationVector":"4MhcvIKnTxOBaSZMpPYaVw","action":"Initial GetUpdates", "result":"", "context":Reason: NEWLY_SUPPORTED_DATATYPE. cV=4MhcvIKnTxOBaSZMpPYaVw}
{"logTime": "0815/131045", "correlationVector":"4MhcvIKnTxOBaSZMpPYaVw.1","action":"SyncServerConnectionManagerRequest", "result":"SYNC_SERVER_OK", "context":{"environment":"Prod_southeastasia_prod-s01-064-apac-southeastasia", "migrationStage":"NotStarted", "server":"akswtt00300000l"}}
{"logTime": "0815/131045", "correlationVector":"4MhcvIKnTxOBaSZMpPYaVw.2","action":"ProcessGetUpdates", "result":"Done", "context":{"dataType":"History", "deleted":"0", "process_failed_to_decrypt":"0", "process_pending_decryption":"0", "process_success":"43", "total":"43"}}
{"logTime": "0815/131045", "correlationVector":"4MhcvIKnTxOBaSZMpPYaVw.3","action":"GetUpdates Response", "result":"Success", "context":Received 43 update(s). cV=4MhcvIKnTxOBaSZMpPYaVw.0;server=akswtt00300000l;cloudType=Consumer;environment=Prod_southeastasia_prod-s01-064-apac-southeastasia;migrationStage=NotStarted}
{"logTime": "0815/131045", "correlationVector":"H/NJjuU4tj4QEw7E+OvbSu","action":"Normal GetUpdate request", "result":"", "context":cV=H/NJjuU4tj4QEw7E+OvbSu
Nudged types: Sessions, Device Info, User Consents
Refresh requested types: Bookmarks, Preferences, Passwords, Autofill Profiles, Autofill, Extensions, Sessions, Extension settings, History Delete Directives, Device Info, User Consents, Send Tab To Self, Web Apps, History, Saved Tab Group, WebAuthn Credentials, Edge E Drop, Edge Hub App Usage, Edge Workspace, Encryption Keys}
{"logTime": "0815/131046", "correlationVector":"H/NJjuU4tj4QEw7E+OvbSu.1","action":"SyncServerConnectionManagerRequest", "result":"SYNC_SERVER_OK", "context":{"environment":"Prod_southeastasia_prod-s01-064-apac-southeastasia", "migrationStage":"NotStarted", "server":"akswtt00300001p"}}
{"logTime": "0815/131046", "correlationVector":"H/NJjuU4tj4QEw7E+OvbSu.2","action":"GetUpdates Response", "result":"Success", "context":Received 0 update(s). cV=H/NJjuU4tj4QEw7E+OvbSu.0;server=akswtt00300001p;cloudType=Consumer;environment=Prod_southeastasia_prod-s01-064-apac-southeastasia;migrationStage=NotStarted}
{"logTime": "0815/131052", "correlationVector":"UMf68LCXKZNegQQnWddBhX","action":"DoCompareDataConsistency requsted types: ", "result":"Bookmarks, Preferences, Passwords, Extensions, Extension settings, History Delete Directives, Send Tab To Self, Web Apps, History, Saved Tab Group, WebAuthn Credentials, Edge E Drop, Edge Workspace, Encryption Keys"}
{"logTime": "0815/131052", "correlationVector":"UMf68LCXKZNegQQnWddBhX.0","action":"CompareDataConsistency result: ", "result":"Compare result: Encryption Keys is consistent. local entities count is: 1 local entities hash is: +nU0Rr+ANmcokHQSq5ATYZuOhxA="}
{"logTime": "0815/131052", "correlationVector":"UMf68LCXKZNegQQnWddBhX.1","action":"CompareDataConsistency result: ", "result":"Compare result: Bookmarks is consistent. local entities count is: 93 local entities hash is: +JVobDzgGi6TOYf+8RSHCy9Ok88="}
{"logTime": "0815/131052", "correlationVector":"UMf68LCXKZNegQQnWddBhX.2","action":"CompareDataConsistency result: ", "result":"Compare result: Preferences is consistent. local entities count is: 111 local entities hash is: 3e7QdrNde6gV0UOL4quy8rPHXSY="}
{"logTime": "0815/131052", "correlationVector":"UMf68LCXKZNegQQnWddBhX.3","action":"CompareDataConsistency result: ", "result":"Compare result: Extensions is consistent. local entities count is: 15 local entities hash is: VnUb0ipR1MJcnZsaV4ZqxeC07Ac="}
{"logTime": "0815/131052", "correlationVector":"UMf68LCXKZNegQQnWddBhX.4","action":"CompareDataConsistency result: ", "result":"Compare result: Extension settings is consistent. local entities count is: 16 local entities hash is: /WnOLNUt5uMb4b25vNVgoXjzyC4="}
{"logTime": "0815/131052", "correlationVector":"UMf68LCXKZNegQQnWddBhX.5","action":"CompareDataConsistency result: ", "result":"Compare result: History Delete Directives is consistent. local entities count is: 0 local entities hash is: "}
{"logTime": "0815/131052", "correlationVector":"UMf68LCXKZNegQQnWddBhX.6","action":"CompareDataConsistency result: ", "result":"Server did not send this Send Tab To Self local entities count is: 0 local entities hash is: "}
{"logTime": "0815/131052", "correlationVector":"UMf68LCXKZNegQQnWddBhX.7","action":"CompareDataConsistency result: ", "result":"Compare result: Web Apps is consistent. local entities count is: 1 local entities hash is: HH5XSe6IvHen1WfwZkBi/5IhZMw="}
{"logTime": "0815/131056", "correlationVector":"UMf68LCXKZNegQQnWddBhX.8","action":"CompareDataConsistency result: ", "result":"Server did not send this History local entities count is: 0 local entities hash is: "}
{"logTime": "0815/131056", "correlationVector":"UMf68LCXKZNegQQnWddBhX.9","action":"CompareDataConsistency result: ", "result":"Compare result: Saved Tab Group is consistent. local entities count is: 0 local entities hash is: "}
{"logTime": "0815/131056", "correlationVector":"UMf68LCXKZNegQQnWddBhX.10","action":"CompareDataConsistency result: ", "result":"Server did not send this WebAuthn Credentials local entities count is: 0 local entities hash is: "}
{"logTime": "0815/131056", "correlationVector":"UMf68LCXKZNegQQnWddBhX.11","action":"CompareDataConsistency result: ", "result":"Compare result: Edge E Drop is consistent. local entities count is: 0 local entities hash is: "}
{"logTime": "0815/131056", "correlationVector":"UMf68LCXKZNegQQnWddBhX.12","action":"CompareDataConsistency result: ", "result":"Server did not send this Edge Workspace local entities count is: 0 local entities hash is: "}
{"logTime": "0815/131056", "correlationVector":"UMf68LCXKZNegQQnWddBhX.13","action":"CompareDataConsistency result: ", "result":"Compare result: Passwords is consistent. local entities count is: 74 local entities hash is: UJzxB9y9NorS19SyY5WNmD7xCdc="}
{"logTime": "0815/131056", "correlationVector":"pIcizDMokTve+1dgOWzUgO","action":"Commit Request", "result":"", "context":Item count: 4
Contributing types: Sessions, Device Info, User Consents}
{"logTime": "0815/131058", "correlationVector":"pIcizDMokTve+1dgOWzUgO.1","action":"SyncServerConnectionManagerRequest", "result":"SYNC_SERVER_OK", "context":{"environment":"Prod_southeastasia_prod-s01-064-apac-southeastasia", "migrationStage":"NotStarted", "server":"akswtt00300000j"}}
{"logTime": "0815/131058", "correlationVector":"pIcizDMokTve+1dgOWzUgO.2","action":"Commit Response", "result":"Success", "context":Result: Success. cV=pIcizDMokTve+1dgOWzUgO.0;server=akswtt00300000j;cloudType=Consumer;environment=Prod_southeastasia_prod-s01-064-apac-southeastasia;migrationStage=NotStarted}
{"logTime": "0815/131058", "correlationVector":"","action":"DIAGNOSTIC_REQUEST|v1/diagnosticData/Diagnostic.SendCheckResult()|SUCCESS", "result":""}
{"logTime": "0815/131104", "correlationVector":"36yuMmuOvkEq9A+POQpeWb","action":"Normal GetUpdate request", "result":"", "context":cV=36yuMmuOvkEq9A+POQpeWb
Notified types: Passwords}
{"logTime": "0815/131105", "correlationVector":"36yuMmuOvkEq9A+POQpeWb.1","action":"SyncServerConnectionManagerRequest", "result":"SYNC_SERVER_OK", "context":{"environment":"Prod_southeastasia_prod-s01-064-apac-southeastasia", "migrationStage":"NotStarted", "server":"akswtt00300000g"}}
{"logTime": "0815/131105", "correlationVector":"36yuMmuOvkEq9A+POQpeWb.2","action":"ProcessGetUpdates", "result":"Done", "context":{"dataType":"Passwords", "deleted":"0", "process_failed_to_decrypt":"0", "process_pending_decryption":"0", "process_success":"17", "total":"17"}}
{"logTime": "0815/131105", "correlationVector":"36yuMmuOvkEq9A+POQpeWb.3","action":"ProcessGetUpdates", "result":"Done", "context":{"dataType":"Sessions", "deleted":"0", "process_failed_to_decrypt":"0", "process_pending_decryption":"0", "process_success":"2", "total":"2"}}
{"logTime": "0815/131105", "correlationVector":"36yuMmuOvkEq9A+POQpeWb.4","action":"ProcessGetUpdates", "result":"Done", "context":{"dataType":"Device Info", "deleted":"0", "process_failed_to_decrypt":"0", "process_pending_decryption":"0", "process_success":"1", "total":"1"}}
{"logTime": "0815/131105", "correlationVector":"36yuMmuOvkEq9A+POQpeWb.5","action":"GetUpdates Response", "result":"Success", "context":Received 20 update(s). cV=36yuMmuOvkEq9A+POQpeWb.0;server=akswtt00300000g;cloudType=Consumer;environment=Prod_southeastasia_prod-s01-064-apac-southeastasia;migrationStage=NotStarted}
{"logTime": "0815/131105", "correlationVector":"Vy47HbA92LXryUsALGzghC","action":"Normal GetUpdate request", "result":"", "context":cV=Vy47HbA92LXryUsALGzghC
Notified types: Passwords}
{"logTime": "0815/131106", "correlationVector":"Vy47HbA92LXryUsALGzghC.1","action":"SyncServerConnectionManagerRequest", "result":"SYNC_SERVER_OK", "context":{"environment":"Prod_southeastasia_prod-s01-064-apac-southeastasia", "migrationStage":"NotStarted", "server":"akswtt00300000y"}}
{"logTime": "0815/131106", "correlationVector":"Vy47HbA92LXryUsALGzghC.2","action":"GetUpdates Response", "result":"Success", "context":Received 0 update(s). cV=Vy47HbA92LXryUsALGzghC.0;server=akswtt00300000y;cloudType=Consumer;environment=Prod_southeastasia_prod-s01-064-apac-southeastasia;migrationStage=NotStarted}
{"logTime": "0815/131110", "correlationVector":"2jqmFlAo2ZSCk51cz308NL","action":"Normal GetUpdate request", "result":"", "context":cV=2jqmFlAo2ZSCk51cz308NL
Notified types: Passwords}
{"logTime": "0815/131110", "correlationVector":"2jqmFlAo2ZSCk51cz308NL.1","action":"SyncServerConnectionManagerRequest", "result":"SYNC_SERVER_OK", "context":{"environment":"Prod_southeastasia_prod-s01-064-apac-southeastasia", "migrationStage":"NotStarted", "server":"akswtt00300000c"}}
{"logTime": "0815/131110", "correlationVector":"2jqmFlAo2ZSCk51cz308NL.2","action":"ProcessGetUpdates", "result":"Done", "context":{"dataType":"Passwords", "deleted":"0", "process_failed_to_decrypt":"0", "process_pending_decryption":"0", "process_success":"8", "total":"8"}}
{"logTime": "0815/131110", "correlationVector":"2jqmFlAo2ZSCk51cz308NL.3","action":"GetUpdates Response", "result":"Success", "context":Received 8 update(s). cV=2jqmFlAo2ZSCk51cz308NL.0;server=akswtt00300000c;cloudType=Consumer;environment=Prod_southeastasia_prod-s01-064-apac-southeastasia;migrationStage=NotStarted}
{"logTime": "0815/131110", "correlationVector":"UNeimrnWqY9RInUUEOO9tP","action":"Commit Request", "result":"", "context":Item count: 2
Contributing types: Sessions, History}
{"logTime": "0815/131112", "correlationVector":"UNeimrnWqY9RInUUEOO9tP.1","action":"SyncServerConnectionManagerRequest", "result":"SYNC_SERVER_OK", "context":{"environment":"Prod_southeastasia_prod-s01-064-apac-southeastasia", "migrationStage":"NotStarted", "server":"akswtt003000005"}}
{"logTime": "0815/131112", "correlationVector":"UNeimrnWqY9RInUUEOO9tP.2","action":"Commit Response", "result":"Success", "context":Result: Success. cV=UNeimrnWqY9RInUUEOO9tP.0;server=akswtt003000005;cloudType=Consumer;environment=Prod_southeastasia_prod-s01-064-apac-southeastasia;migrationStage=NotStarted}
