{"logTime": "0815/131444", "correlationVector":"g4sL5djDiws9A6010PUSdK.1","action":"SyncServerConnectionManagerRequest", "result":"SYNC_SERVER_OK", "context":{"environment":"Prod_southeastasia_prod-s01-064-apac-southeastasia", "migrationStage":"NotStarted", "server":"akswtt00300000t"}}
{"logTime": "0815/131444", "correlationVector":"g4sL5djDiws9A6010PUSdK.2","action":"ProcessGetUpdates", "result":"Done", "context":{"dataType":"Encryption Keys", "deleted":"0", "process_failed_to_decrypt":"0", "process_pending_decryption":"0", "process_success":"1", "total":"1"}}
{"logTime": "0815/131445", "correlationVector":"+6oif7rdtUc8AySxRi1+wR","action":"SyncServerConnectionManagerRequest", "result":"SYNC_SERVER_ERROR", "context":{"environment":"", "error_type":"http_status_code", "error_value":"400", "migrationStage":"", "server":""}}
{"logTime": "0815/131445", "correlationVector":"g4sL5djDiws9A6010PUSdK","action":"Initial GetUpdates", "result":"", "context":Reason: NEW_CLIENT. cV=g4sL5djDiws9A6010PUSdK}
{"logTime": "0815/131445", "correlationVector":"g4sL5djDiws9A6010PUSdK.3","action":"GetUpdates Response", "result":"Success", "context":Received 1 update(s). cV=g4sL5djDiws9A6010PUSdK.0;server=akswtt00300000t;cloudType=Consumer;environment=Prod_southeastasia_prod-s01-064-apac-southeastasia;migrationStage=NotStarted}
{"logTime": "0815/131445", "correlationVector":"RwO7LZTlJSgIvxA6Gzt0KV","action":"Initial GetUpdates", "result":"", "context":Reason: NEW_CLIENT. cV=RwO7LZTlJSgIvxA6Gzt0KV}
{"logTime": "0815/131445", "correlationVector":"RwO7LZTlJSgIvxA6Gzt0KV.1","action":"SyncServerConnectionManagerRequest", "result":"SYNC_SERVER_OK", "context":{"environment":"Prod_southeastasia_prod-s01-064-apac-southeastasia", "migrationStage":"NotStarted", "server":"akswtt00300000d"}}
{"logTime": "0815/131445", "correlationVector":"RwO7LZTlJSgIvxA6Gzt0KV.2","action":"ProcessGetUpdates", "result":"Done", "context":{"dataType":"Device Info", "deleted":"0", "process_failed_to_decrypt":"0", "process_pending_decryption":"0", "process_success":"34", "total":"34"}}
{"logTime": "0815/131445", "correlationVector":"RwO7LZTlJSgIvxA6Gzt0KV.3","action":"GetUpdates Response", "result":"Success", "context":Received 34 update(s). cV=RwO7LZTlJSgIvxA6Gzt0KV.0;server=akswtt00300000d;cloudType=Consumer;environment=Prod_southeastasia_prod-s01-064-apac-southeastasia;migrationStage=NotStarted}
{"logTime": "0815/131446", "correlationVector":"UjJ+HD98LQkapxClj2zZ3S","action":"SyncServerConnectionManagerRequest", "result":"SYNC_SERVER_ERROR", "context":{"environment":"", "error_type":"http_status_code", "error_value":"400", "migrationStage":"", "server":""}}
{"logTime": "0815/131446", "correlationVector":"teygGr+Q7IdFY/ShZmZIjL","action":"Initial GetUpdates", "result":"", "context":Reason: NEW_CLIENT. cV=teygGr+Q7IdFY/ShZmZIjL}
{"logTime": "0815/131447", "correlationVector":"teygGr+Q7IdFY/ShZmZIjL.1","action":"SyncServerConnectionManagerRequest", "result":"SYNC_SERVER_OK", "context":{"environment":"Prod_southeastasia_prod-s01-064-apac-southeastasia", "migrationStage":"NotStarted", "server":"akswtt00300000v"}}
{"logTime": "0815/131447", "correlationVector":"teygGr+Q7IdFY/ShZmZIjL.2","action":"ProcessGetUpdates", "result":"Done", "context":{"dataType":"Bookmarks", "deleted":"0", "process_failed_to_decrypt":"0", "process_pending_decryption":"0", "process_success":"99", "total":"99"}}
{"logTime": "0815/131447", "correlationVector":"teygGr+Q7IdFY/ShZmZIjL.3","action":"ProcessGetUpdates", "result":"Done", "context":{"dataType":"Preferences", "deleted":"0", "process_failed_to_decrypt":"0", "process_pending_decryption":"0", "process_success":"108", "total":"108"}}
{"logTime": "0815/131447", "correlationVector":"teygGr+Q7IdFY/ShZmZIjL.4","action":"ProcessGetUpdates", "result":"Done", "context":{"dataType":"Extensions", "deleted":"0", "process_failed_to_decrypt":"0", "process_pending_decryption":"0", "process_success":"13", "total":"13"}}
{"logTime": "0815/131447", "correlationVector":"teygGr+Q7IdFY/ShZmZIjL.5","action":"ProcessGetUpdates", "result":"Done", "context":{"dataType":"Extension settings", "deleted":"0", "process_failed_to_decrypt":"0", "process_pending_decryption":"0", "process_success":"16", "total":"16"}}
{"logTime": "0815/131447", "correlationVector":"teygGr+Q7IdFY/ShZmZIjL.6","action":"ProcessGetUpdates", "result":"Done", "context":{"dataType":"Web Apps", "deleted":"0", "process_failed_to_decrypt":"0", "process_pending_decryption":"0", "process_success":"1", "total":"1"}}
{"logTime": "0815/131447", "correlationVector":"teygGr+Q7IdFY/ShZmZIjL.7","action":"ProcessGetUpdates", "result":"Done", "context":{"dataType":"Edge Hub App Usage", "deleted":"0", "process_failed_to_decrypt":"0", "process_pending_decryption":"0", "process_success":"2", "total":"2"}}
{"logTime": "0815/131448", "correlationVector":"teygGr+Q7IdFY/ShZmZIjL.8","action":"GetUpdates Response", "result":"Success", "context":Received 239 update(s). cV=teygGr+Q7IdFY/ShZmZIjL.0;server=akswtt00300000v;cloudType=Consumer;environment=Prod_southeastasia_prod-s01-064-apac-southeastasia;migrationStage=NotStarted Some updates remain.}
{"logTime": "0815/131448", "correlationVector":"NU7tpVyqznqTqDAJzv8LLG","action":"Initial GetUpdates", "result":"", "context":Reason: NEW_CLIENT. cV=NU7tpVyqznqTqDAJzv8LLG}
{"logTime": "0815/131448", "correlationVector":"NU7tpVyqznqTqDAJzv8LLG.1","action":"SyncServerConnectionManagerRequest", "result":"SYNC_SERVER_OK", "context":{"environment":"Prod_southeastasia_prod-s01-064-apac-southeastasia", "migrationStage":"NotStarted", "server":"akswtt00300000n"}}
{"logTime": "0815/131448", "correlationVector":"NU7tpVyqznqTqDAJzv8LLG.2","action":"ProcessGetUpdates", "result":"Done", "context":{"dataType":"Preferences", "deleted":"0", "process_failed_to_decrypt":"0", "process_pending_decryption":"0", "process_success":"3", "total":"3"}}
{"logTime": "0815/131448", "correlationVector":"NU7tpVyqznqTqDAJzv8LLG.3","action":"ProcessGetUpdates", "result":"Done", "context":{"dataType":"Extensions", "deleted":"0", "process_failed_to_decrypt":"0", "process_pending_decryption":"0", "process_success":"2", "total":"2"}}
{"logTime": "0815/131448", "correlationVector":"NU7tpVyqznqTqDAJzv8LLG.4","action":"ProcessGetUpdates", "result":"Done", "context":{"dataType":"Sessions", "deleted":"0", "process_failed_to_decrypt":"0", "process_pending_decryption":"0", "process_success":"8", "total":"8"}}
{"logTime": "0815/131448", "correlationVector":"NU7tpVyqznqTqDAJzv8LLG.5","action":"ProcessGetUpdates", "result":"Done", "context":{"dataType":"Edge Hub App Usage", "deleted":"0", "process_failed_to_decrypt":"0", "process_pending_decryption":"0", "process_success":"2", "total":"2"}}
{"logTime": "0815/131448", "correlationVector":"NU7tpVyqznqTqDAJzv8LLG.6","action":"GetUpdates Response", "result":"Success", "context":Received 15 update(s). cV=NU7tpVyqznqTqDAJzv8LLG.0;server=akswtt00300000n;cloudType=Consumer;environment=Prod_southeastasia_prod-s01-064-apac-southeastasia;migrationStage=NotStarted}
{"logTime": "0815/131449", "correlationVector":"7GirVrDUNKNCtZSt9U1lqW","action":"SyncServerConnectionManagerRequest", "result":"SYNC_SERVER_ERROR", "context":{"environment":"", "error_type":"http_status_code", "error_value":"400", "migrationStage":"", "server":""}}
{"logTime": "0815/131449", "correlationVector":"CgX5l05PxIfnI/SRvjTPbK","action":"Initial GetUpdates", "result":"", "context":Reason: NEW_CLIENT. cV=CgX5l05PxIfnI/SRvjTPbK}
{"logTime": "0815/131449", "correlationVector":"CgX5l05PxIfnI/SRvjTPbK.1","action":"SyncServerConnectionManagerRequest", "result":"SYNC_SERVER_OK", "context":{"environment":"Prod_southeastasia_prod-s01-064-apac-southeastasia", "migrationStage":"NotStarted", "server":"akswtt00300000j"}}
{"logTime": "0815/131449", "correlationVector":"CgX5l05PxIfnI/SRvjTPbK.2","action":"ProcessGetUpdates", "result":"Done", "context":{"dataType":"History", "deleted":"0", "process_failed_to_decrypt":"0", "process_pending_decryption":"0", "process_success":"44", "total":"44"}}
{"logTime": "0815/131450", "correlationVector":"CgX5l05PxIfnI/SRvjTPbK.3","action":"GetUpdates Response", "result":"Success", "context":Received 44 update(s). cV=CgX5l05PxIfnI/SRvjTPbK.0;server=akswtt00300000j;cloudType=Consumer;environment=Prod_southeastasia_prod-s01-064-apac-southeastasia;migrationStage=NotStarted}
{"logTime": "0815/131451", "correlationVector":"","action":"SyncServerConnectionManagerRequest", "result":"CONNECTION_UNAVAILABLE", "context":{"error_type":"net_error_code", "error_value":"-3"}}
