{"logTime": "0815/131000", "correlationVector":"I3Z4cgwXX5zk0kdulXJeBs.1","action":"SyncServerConnectionManagerRequest", "result":"SYNC_SERVER_OK", "context":{"environment":"Prod_southeastasia_prod-s01-064-apac-southeastasia", "migrationStage":"NotStarted", "server":"akswtt00300000u"}}
{"logTime": "0815/131000", "correlationVector":"I3Z4cgwXX5zk0kdulXJeBs.2","action":"ProcessGetUpdates", "result":"Done", "context":{"dataType":"Encryption Keys", "deleted":"0", "process_failed_to_decrypt":"0", "process_pending_decryption":"0", "process_success":"1", "total":"1"}}
{"logTime": "0815/131001", "correlationVector":"kkbI9yC35ADLJ0p0QxXudo","action":"SyncServerConnectionManagerRequest", "result":"SYNC_SERVER_OK", "context":{"environment":"", "migrationStage":"", "server":""}}
{"logTime": "0815/131001", "correlationVector":"kkbI9yC35ADLJ0p0QxXudo.0","action":"EncryptionKeysFetcher.DownloadKeys:", "result":"Success", "context":Key count: 10, Last key timestamp: 2026-03-31T08:11:56Z}
{"logTime": "0815/131001", "correlationVector":"kkbI9yC35ADLJ0p0QxXudo.1","action":"EncryptionKeysManager::SetEncryptionKeys:", "result":"Success", "context":Key names[10]:[O9ccLkIrP1rpMWsziEtu3bnZJddX+578CEhWb4CeEd8Kk4LOMrNPX5IhH4+jghkaStja5NaRekwgXhyLBjEOfw==][2Q/JkLy+hwReTQy2ASgB9+0UordDBHtAmU9ea4KrJUFLCZ34a32A7op+rrS5KWLwXulAkRNVfO7UptO1LDtRAQ==][JZglLylo2+vI8Yz/2gC1lo9ZXX+r+163RuAfcxR3c2WVM69N0BBPS4XZH0zWLryTbXXrJ1Pv7xBpI/zB+rrQFA==][5mSH/C8UPQKnz8UoNKUzXnpphW/TiX6CpAOWE255Xp8xNiSCCjmrqdEHszdESs5HnY+3GOxQU57n6bJSdDJtMw==][+HIzs+92ORAx9Zwwp6fzruviuhsfkVAYs34FcYLoIWaC+KQ7gST4WuYTDUKUA/RKspZpg5fKGpZSauk0UtuVvQ==][Yut8gsur4dS0QDmpqCJt6pyKOJ362Wb6LXG6+UePYaZlCLBnV7y02SoEf0IDeAbYe3mBGJOo7F9UatHug5h8OQ==][/pzpfmidD31dmFgl4BwOASlzWFZFgII6zPuy8ba2NkTX1w2/T3RXxmXC3GyC4VS+KME0fnq4fVJRQQ6F65KXYQ==][ju94Pd2IPQR9tTCpdWMwjFrXt585t0OaJYuQEv5FOKl98Z/2gFIdh4/VAwSqbe4KKVuCnS4euZbT+rlw/EvExA==][BIYNSkoKf7lpeOYRTa8TL9uWgRdG7du1w3wzv2UKDfhB+NaauMlcf5OZYtzZeTvyOb8UzYOUAIgvJBcOKnzHmQ==][JuqqNTAe7ihWz6djQmAdTyFEzsPifUhYE6nU2Q/lpt3egf/JOCedTn4RSWZ/tKOMqlLAO9uzdeMckADXF9Xu0Q==]}
{"logTime": "0815/131001", "correlationVector":"kkbI9yC35ADLJ0p0QxXudo.2","action":"EncryptionKeysManager::SetEncryptionKeysWithTimestamps:", "result":"Success", "context":Key timestamps[10]:[2021-08-19T04:57:27Z][2022-02-16T03:36:11Z][2022-08-15T12:01:47Z][2023-02-14T03:51:20Z][2023-08-17T11:15:27Z][2024-02-18T05:52:23Z][2024-08-18T08:52:35Z][2025-04-01T12:32:06Z][2025-10-02T05:50:58Z][2026-03-31T08:11:56Z]}
{"logTime": "0815/131001", "correlationVector":"I3Z4cgwXX5zk0kdulXJeBs","action":"Initial GetUpdates", "result":"", "context":Reason: NEW_CLIENT. cV=I3Z4cgwXX5zk0kdulXJeBs}
{"logTime": "0815/131001", "correlationVector":"I3Z4cgwXX5zk0kdulXJeBs.3","action":"GetUpdates Response", "result":"Success", "context":Received 1 update(s). cV=I3Z4cgwXX5zk0kdulXJeBs.0;server=akswtt00300000u;cloudType=Consumer;environment=Prod_southeastasia_prod-s01-064-apac-southeastasia;migrationStage=NotStarted}
{"logTime": "0815/131001", "correlationVector":"Q01OUS9U5sH+UFNm7/yaqs","action":"Initial GetUpdates", "result":"", "context":Reason: NEWLY_SUPPORTED_DATATYPE. cV=Q01OUS9U5sH+UFNm7/yaqs}
{"logTime": "0815/131002", "correlationVector":"Q01OUS9U5sH+UFNm7/yaqs.1","action":"SyncServerConnectionManagerRequest", "result":"SYNC_SERVER_OK", "context":{"environment":"Prod_southeastasia_prod-s01-064-apac-southeastasia", "migrationStage":"NotStarted", "server":"akswtt00300001a"}}
{"logTime": "0815/131002", "correlationVector":"Q01OUS9U5sH+UFNm7/yaqs.2","action":"ProcessGetUpdates", "result":"Done", "context":{"dataType":"Passwords", "deleted":"0", "process_failed_to_decrypt":"0", "process_pending_decryption":"0", "process_success":"74", "total":"74"}}
{"logTime": "0815/131002", "correlationVector":"Q01OUS9U5sH+UFNm7/yaqs.3","action":"ProcessGetUpdates", "result":"Done", "context":{"dataType":"Device Info", "deleted":"0", "process_failed_to_decrypt":"0", "process_pending_decryption":"0", "process_success":"31", "total":"31"}}
{"logTime": "0815/131002", "correlationVector":"Q01OUS9U5sH+UFNm7/yaqs.4","action":"GetUpdates Response", "result":"Success", "context":Received 105 update(s). cV=Q01OUS9U5sH+UFNm7/yaqs.0;server=akswtt00300001a;cloudType=Consumer;environment=Prod_southeastasia_prod-s01-064-apac-southeastasia;migrationStage=NotStarted}
{"logTime": "0815/131002", "correlationVector":"k5kar9ipzLgJdi07PUdOvs","action":"Initial GetUpdates", "result":"", "context":Reason: NEWLY_SUPPORTED_DATATYPE. cV=k5kar9ipzLgJdi07PUdOvs}
{"logTime": "0815/131003", "correlationVector":"k5kar9ipzLgJdi07PUdOvs.1","action":"SyncServerConnectionManagerRequest", "result":"SYNC_SERVER_OK", "context":{"environment":"Prod_southeastasia_prod-s01-064-apac-southeastasia", "migrationStage":"NotStarted", "server":"akswtt00300000p"}}
{"logTime": "0815/131003", "correlationVector":"k5kar9ipzLgJdi07PUdOvs.2","action":"ProcessGetUpdates", "result":"Done", "context":{"dataType":"Bookmarks", "deleted":"0", "process_failed_to_decrypt":"0", "process_pending_decryption":"0", "process_success":"99", "total":"99"}}
{"logTime": "0815/131003", "correlationVector":"k5kar9ipzLgJdi07PUdOvs.3","action":"ProcessGetUpdates", "result":"Done", "context":{"dataType":"Preferences", "deleted":"0", "process_failed_to_decrypt":"0", "process_pending_decryption":"0", "process_success":"106", "total":"106"}}
{"logTime": "0815/131003", "correlationVector":"k5kar9ipzLgJdi07PUdOvs.4","action":"ProcessGetUpdates", "result":"Done", "context":{"dataType":"Autofill Profiles", "deleted":"0", "process_failed_to_decrypt":"0", "process_pending_decryption":"0", "process_success":"1", "total":"1"}}
{"logTime": "0815/131003", "correlationVector":"k5kar9ipzLgJdi07PUdOvs.5","action":"ProcessGetUpdates", "result":"Done", "context":{"dataType":"Autofill", "deleted":"0", "process_failed_to_decrypt":"0", "process_pending_decryption":"0", "process_success":"20", "total":"20"}}
{"logTime": "0815/131003", "correlationVector":"k5kar9ipzLgJdi07PUdOvs.6","action":"ProcessGetUpdates", "result":"Done", "context":{"dataType":"Extensions", "deleted":"0", "process_failed_to_decrypt":"0", "process_pending_decryption":"0", "process_success":"8", "total":"8"}}
{"logTime": "0815/131003", "correlationVector":"k5kar9ipzLgJdi07PUdOvs.7","action":"ProcessGetUpdates", "result":"Done", "context":{"dataType":"Extension settings", "deleted":"0", "process_failed_to_decrypt":"0", "process_pending_decryption":"0", "process_success":"16", "total":"16"}}
{"logTime": "0815/131003", "correlationVector":"k5kar9ipzLgJdi07PUdOvs.8","action":"GetUpdates Response", "result":"Success", "context":Received 250 update(s). cV=k5kar9ipzLgJdi07PUdOvs.0;server=akswtt00300000p;cloudType=Consumer;environment=Prod_southeastasia_prod-s01-064-apac-southeastasia;migrationStage=NotStarted Some updates remain.}
{"logTime": "0815/131003", "correlationVector":"pa6/WALZyRprmbcuTn3LEd","action":"Initial GetUpdates", "result":"", "context":Reason: NEWLY_SUPPORTED_DATATYPE. cV=pa6/WALZyRprmbcuTn3LEd}
{"logTime": "0815/131003", "correlationVector":"pa6/WALZyRprmbcuTn3LEd.1","action":"SyncServerConnectionManagerRequest", "result":"SYNC_SERVER_OK", "context":{"environment":"Prod_southeastasia_prod-s01-064-apac-southeastasia", "migrationStage":"NotStarted", "server":"akswtt00300000m"}}
{"logTime": "0815/131003", "correlationVector":"pa6/WALZyRprmbcuTn3LEd.2","action":"ProcessGetUpdates", "result":"Done", "context":{"dataType":"Preferences", "deleted":"0", "process_failed_to_decrypt":"0", "process_pending_decryption":"0", "process_success":"5", "total":"5"}}
{"logTime": "0815/131003", "correlationVector":"pa6/WALZyRprmbcuTn3LEd.3","action":"ProcessGetUpdates", "result":"Done", "context":{"dataType":"Autofill Profiles", "deleted":"1", "process_failed_to_decrypt":"0", "process_pending_decryption":"0", "process_success":"1", "total":"1"}}
{"logTime": "0815/131003", "correlationVector":"pa6/WALZyRprmbcuTn3LEd.4","action":"ProcessGetUpdates", "result":"Done", "context":{"dataType":"Autofill", "deleted":"0", "process_failed_to_decrypt":"0", "process_pending_decryption":"0", "process_success":"3", "total":"3"}}
{"logTime": "0815/131003", "correlationVector":"pa6/WALZyRprmbcuTn3LEd.5","action":"ProcessGetUpdates", "result":"Done", "context":{"dataType":"Extensions", "deleted":"1", "process_failed_to_decrypt":"0", "process_pending_decryption":"0", "process_success":"8", "total":"8"}}
{"logTime": "0815/131003", "correlationVector":"pa6/WALZyRprmbcuTn3LEd.6","action":"ProcessGetUpdates", "result":"Done", "context":{"dataType":"Sessions", "deleted":"24", "process_failed_to_decrypt":"0", "process_pending_decryption":"0", "process_success":"26", "total":"26"}}
{"logTime": "0815/131003", "correlationVector":"pa6/WALZyRprmbcuTn3LEd.7","action":"ProcessGetUpdates", "result":"Done", "context":{"dataType":"Web Apps", "deleted":"0", "process_failed_to_decrypt":"0", "process_pending_decryption":"0", "process_success":"1", "total":"1"}}
{"logTime": "0815/131003", "correlationVector":"pa6/WALZyRprmbcuTn3LEd.8","action":"ProcessGetUpdates", "result":"Done", "context":{"dataType":"Edge Hub App Usage", "deleted":"1", "process_failed_to_decrypt":"0", "process_pending_decryption":"0", "process_success":"4", "total":"4"}}
{"logTime": "0815/131003", "correlationVector":"pa6/WALZyRprmbcuTn3LEd.9","action":"GetUpdates Response", "result":"Success", "context":Received 48 update(s). cV=pa6/WALZyRprmbcuTn3LEd.0;server=akswtt00300000m;cloudType=Consumer;environment=Prod_southeastasia_prod-s01-064-apac-southeastasia;migrationStage=NotStarted}
{"logTime": "0815/131003", "correlationVector":"zvzqxpLtBmSX9J2pl0Tt78","action":"Initial GetUpdates", "result":"", "context":Reason: NEWLY_SUPPORTED_DATATYPE. cV=zvzqxpLtBmSX9J2pl0Tt78}
{"logTime": "0815/131004", "correlationVector":"zvzqxpLtBmSX9J2pl0Tt78.1","action":"SyncServerConnectionManagerRequest", "result":"SYNC_SERVER_OK", "context":{"environment":"Prod_southeastasia_prod-s01-064-apac-southeastasia", "migrationStage":"NotStarted", "server":"akswtt003000019"}}
{"logTime": "0815/131004", "correlationVector":"zvzqxpLtBmSX9J2pl0Tt78.2","action":"ProcessGetUpdates", "result":"Done", "context":{"dataType":"History", "deleted":"0", "process_failed_to_decrypt":"0", "process_pending_decryption":"0", "process_success":"43", "total":"43"}}
{"logTime": "0815/131004", "correlationVector":"zvzqxpLtBmSX9J2pl0Tt78.3","action":"GetUpdates Response", "result":"Success", "context":Received 43 update(s). cV=zvzqxpLtBmSX9J2pl0Tt78.0;server=akswtt003000019;cloudType=Consumer;environment=Prod_southeastasia_prod-s01-064-apac-southeastasia;migrationStage=NotStarted}
{"logTime": "0815/131004", "correlationVector":"VMs5eVdj16yXyPY7MXfFzv","action":"Normal GetUpdate request", "result":"", "context":cV=VMs5eVdj16yXyPY7MXfFzv
Nudged types: Sessions, Device Info, User Consents
Refresh requested types: Bookmarks, Preferences, Passwords, Autofill Profiles, Autofill, Extensions, Sessions, Extension settings, History Delete Directives, Device Info, User Consents, Send Tab To Self, Web Apps, History, Saved Tab Group, WebAuthn Credentials, Edge E Drop, Edge Hub App Usage, Edge Workspace, Encryption Keys}
{"logTime": "0815/131005", "correlationVector":"VMs5eVdj16yXyPY7MXfFzv.1","action":"SyncServerConnectionManagerRequest", "result":"SYNC_SERVER_OK", "context":{"environment":"Prod_southeastasia_prod-s01-064-apac-southeastasia", "migrationStage":"NotStarted", "server":"akswtt00300000u"}}
{"logTime": "0815/131005", "correlationVector":"VMs5eVdj16yXyPY7MXfFzv.2","action":"GetUpdates Response", "result":"Success", "context":Received 0 update(s). cV=VMs5eVdj16yXyPY7MXfFzv.0;server=akswtt00300000u;cloudType=Consumer;environment=Prod_southeastasia_prod-s01-064-apac-southeastasia;migrationStage=NotStarted}
{"logTime": "0815/131005", "correlationVector":"WloqNe7pXs8JuwHxyVQct+","action":"DoCompareDataConsistency requsted types: ", "result":"Bookmarks, Preferences, Passwords, Extensions, Extension settings, History Delete Directives, Send Tab To Self, Web Apps, History, Saved Tab Group, WebAuthn Credentials, Edge E Drop, Edge Workspace, Encryption Keys"}
{"logTime": "0815/131005", "correlationVector":"WloqNe7pXs8JuwHxyVQct+.0","action":"CompareDataConsistency result: ", "result":"Compare result: Encryption Keys is consistent. local entities count is: 1 local entities hash is: +nU0Rr+ANmcokHQSq5ATYZuOhxA="}
{"logTime": "0815/131005", "correlationVector":"WloqNe7pXs8JuwHxyVQct+.1","action":"CompareDataConsistency result: ", "result":"Compare result: Bookmarks is consistent. local entities count is: 93 local entities hash is: +JVobDzgGi6TOYf+8RSHCy9Ok88="}
{"logTime": "0815/131005", "correlationVector":"WloqNe7pXs8JuwHxyVQct+.2","action":"CompareDataConsistency result: ", "result":"Compare result: Preferences is consistent. local entities count is: 111 local entities hash is: 3e7QdrNde6gV0UOL4quy8rPHXSY="}
{"logTime": "0815/131005", "correlationVector":"WloqNe7pXs8JuwHxyVQct+.3","action":"CompareDataConsistency result: ", "result":"Compare result: Extensions is consistent. local entities count is: 15 local entities hash is: VnUb0ipR1MJcnZsaV4ZqxeC07Ac="}
{"logTime": "0815/131005", "correlationVector":"WloqNe7pXs8JuwHxyVQct+.4","action":"CompareDataConsistency result: ", "result":"Compare result: Extension settings is consistent. local entities count is: 16 local entities hash is: /WnOLNUt5uMb4b25vNVgoXjzyC4="}
{"logTime": "0815/131005", "correlationVector":"WloqNe7pXs8JuwHxyVQct+.5","action":"CompareDataConsistency result: ", "result":"Compare result: History Delete Directives is consistent. local entities count is: 0 local entities hash is: "}
{"logTime": "0815/131005", "correlationVector":"WloqNe7pXs8JuwHxyVQct+.6","action":"CompareDataConsistency result: ", "result":"Server did not send this Send Tab To Self local entities count is: 0 local entities hash is: "}
{"logTime": "0815/131005", "correlationVector":"WloqNe7pXs8JuwHxyVQct+.7","action":"CompareDataConsistency result: ", "result":"Compare result: Web Apps is consistent. local entities count is: 1 local entities hash is: HH5XSe6IvHen1WfwZkBi/5IhZMw="}
{"logTime": "0815/131005", "correlationVector":"WloqNe7pXs8JuwHxyVQct+.8","action":"CompareDataConsistency result: ", "result":"Server did not send this History local entities count is: 0 local entities hash is: "}
{"logTime": "0815/131005", "correlationVector":"WloqNe7pXs8JuwHxyVQct+.9","action":"CompareDataConsistency result: ", "result":"Compare result: Saved Tab Group is consistent. local entities count is: 0 local entities hash is: "}
{"logTime": "0815/131005", "correlationVector":"WloqNe7pXs8JuwHxyVQct+.10","action":"CompareDataConsistency result: ", "result":"Server did not send this WebAuthn Credentials local entities count is: 0 local entities hash is: "}
{"logTime": "0815/131005", "correlationVector":"WloqNe7pXs8JuwHxyVQct+.11","action":"CompareDataConsistency result: ", "result":"Compare result: Edge E Drop is consistent. local entities count is: 0 local entities hash is: "}
{"logTime": "0815/131005", "correlationVector":"WloqNe7pXs8JuwHxyVQct+.12","action":"CompareDataConsistency result: ", "result":"Server did not send this Edge Workspace local entities count is: 0 local entities hash is: "}
{"logTime": "0815/131005", "correlationVector":"WloqNe7pXs8JuwHxyVQct+.13","action":"CompareDataConsistency result: ", "result":"Compare result: Passwords is consistent. local entities count is: 74 local entities hash is: UJzxB9y9NorS19SyY5WNmD7xCdc="}
{"logTime": "0815/131005", "correlationVector":"Y6VQCtSpl+xRJcB8M7mRhX","action":"Commit Request", "result":"", "context":Item count: 4
Contributing types: Sessions, Device Info, User Consents}
{"logTime": "0815/131007", "correlationVector":"Y6VQCtSpl+xRJcB8M7mRhX.1","action":"SyncServerConnectionManagerRequest", "result":"SYNC_SERVER_OK", "context":{"environment":"Prod_southeastasia_prod-s01-064-apac-southeastasia", "migrationStage":"NotStarted", "server":"akswtt003000015"}}
{"logTime": "0815/131007", "correlationVector":"Y6VQCtSpl+xRJcB8M7mRhX.2","action":"Commit Response", "result":"Success", "context":Result: Success. cV=Y6VQCtSpl+xRJcB8M7mRhX.0;server=akswtt003000015;cloudType=Consumer;environment=Prod_southeastasia_prod-s01-064-apac-southeastasia;migrationStage=NotStarted}
{"logTime": "0815/131007", "correlationVector":"","action":"DIAGNOSTIC_REQUEST|v1/diagnosticData/Diagnostic.SendCheckResult()|SUCCESS", "result":""}
{"logTime": "0815/131008", "correlationVector":"vBpjchyRhQ9vPxHgkRwcid","action":"Normal GetUpdate request", "result":"", "context":cV=vBpjchyRhQ9vPxHgkRwcid
Notified types: Device Info}
{"logTime": "0815/131008", "correlationVector":"vBpjchyRhQ9vPxHgkRwcid.1","action":"SyncServerConnectionManagerRequest", "result":"SYNC_SERVER_OK", "context":{"environment":"Prod_southeastasia_prod-s01-064-apac-southeastasia", "migrationStage":"NotStarted", "server":"akswtt00300000v"}}
{"logTime": "0815/131008", "correlationVector":"vBpjchyRhQ9vPxHgkRwcid.2","action":"ProcessGetUpdates", "result":"Done", "context":{"dataType":"Sessions", "deleted":"0", "process_failed_to_decrypt":"0", "process_pending_decryption":"0", "process_success":"4", "total":"4"}}
{"logTime": "0815/131008", "correlationVector":"vBpjchyRhQ9vPxHgkRwcid.3","action":"ProcessGetUpdates", "result":"Done", "context":{"dataType":"Device Info", "deleted":"0", "process_failed_to_decrypt":"0", "process_pending_decryption":"0", "process_success":"2", "total":"2"}}
{"logTime": "0815/131008", "correlationVector":"vBpjchyRhQ9vPxHgkRwcid.4","action":"GetUpdates Response", "result":"Success", "context":Received 6 update(s). cV=vBpjchyRhQ9vPxHgkRwcid.0;server=akswtt00300000v;cloudType=Consumer;environment=Prod_southeastasia_prod-s01-064-apac-southeastasia;migrationStage=NotStarted}
{"logTime": "0815/131031", "correlationVector":"EBAgxe6ZzD0Lfi96KXZ6ro","action":"Normal GetUpdate request", "result":"", "context":cV=EBAgxe6ZzD0Lfi96KXZ6ro
Notified types: Edge Hub App Usage}
{"logTime": "0815/131032", "correlationVector":"EBAgxe6ZzD0Lfi96KXZ6ro.1","action":"SyncServerConnectionManagerRequest", "result":"SYNC_SERVER_OK", "context":{"environment":"Prod_southeastasia_prod-s01-064-apac-southeastasia", "migrationStage":"NotStarted", "server":"akswtt00300000n"}}
{"logTime": "0815/131032", "correlationVector":"EBAgxe6ZzD0Lfi96KXZ6ro.2","action":"ProcessGetUpdates", "result":"Done", "context":{"dataType":"Edge Hub App Usage", "deleted":"0", "process_failed_to_decrypt":"0", "process_pending_decryption":"0", "process_success":"1", "total":"1"}}
{"logTime": "0815/131032", "correlationVector":"EBAgxe6ZzD0Lfi96KXZ6ro.3","action":"GetUpdates Response", "result":"Success", "context":Received 1 update(s). cV=EBAgxe6ZzD0Lfi96KXZ6ro.0;server=akswtt00300000n;cloudType=Consumer;environment=Prod_southeastasia_prod-s01-064-apac-southeastasia;migrationStage=NotStarted}
{"logTime": "0815/131100", "correlationVector":"brYTiMD1bXtZtbI3Sagrje","action":"Commit Request", "result":"", "context":Item count: 40
Contributing types: Passwords}
{"logTime": "0815/131104", "correlationVector":"brYTiMD1bXtZtbI3Sagrje.1","action":"SyncServerConnectionManagerRequest", "result":"SYNC_SERVER_OK", "context":{"environment":"Prod_southeastasia_prod-s01-064-apac-southeastasia", "migrationStage":"NotStarted", "server":"akswtt00300000h"}}
{"logTime": "0815/131104", "correlationVector":"brYTiMD1bXtZtbI3Sagrje.3","action":"Commit.Passwords", "result":"Conflict", "context":{"id":"90c3c8dd-c805-424f-953d-43673c9d68a6", "isDeleted":"false", "size":"650", "version":"1775292904792"}}
{"logTime": "0815/131104", "correlationVector":"brYTiMD1bXtZtbI3Sagrje.4","action":"Commit.Passwords", "result":"Conflict", "context":{"id":"08b82bcc-0e85-4318-a4c9-58d98faf5082", "isDeleted":"false", "size":"875", "version":"1775292904800"}}
{"logTime": "0815/131104", "correlationVector":"brYTiMD1bXtZtbI3Sagrje.5","action":"Commit.Passwords", "result":"Conflict", "context":{"id":"46b2d25a-31ac-406e-abdc-55b9b1d0e215", "isDeleted":"false", "size":"623", "version":"1775292904787"}}
{"logTime": "0815/131104", "correlationVector":"brYTiMD1bXtZtbI3Sagrje.6","action":"Commit.Passwords", "result":"Conflict", "context":{"id":"2afae86d-3e04-4923-8264-db00e92b8e65", "isDeleted":"false", "size":"759", "version":"1775292904769"}}
{"logTime": "0815/131104", "correlationVector":"brYTiMD1bXtZtbI3Sagrje.2","action":"Commit Response", "result":"Success", "context":Result: Success. cV=brYTiMD1bXtZtbI3Sagrje.0;server=akswtt00300000h;cloudType=Consumer;environment=Prod_southeastasia_prod-s01-064-apac-southeastasia;migrationStage=NotStarted}
{"logTime": "0815/131104", "correlationVector":"brYTiMD1bXtZtbI3Sagrje.7","action":"Commit.Passwords", "result":"Conflict", "context":{"id":"397bbe2f-cce3-4946-a0ec-1e44e9480521", "isDeleted":"false", "size":"779", "version":"1775292907701"}}
{"logTime": "0815/131104", "correlationVector":"brYTiMD1bXtZtbI3Sagrje.8","action":"Commit.Passwords", "result":"Conflict", "context":{"id":"e4ad9c93-96ab-463d-b50e-3d1b1ff93b76", "isDeleted":"false", "size":"646", "version":"1775292907707"}}
{"logTime": "0815/131104", "correlationVector":"brYTiMD1bXtZtbI3Sagrje.9","action":"Commit.Passwords", "result":"Conflict", "context":{"id":"618aba62-50c0-48ac-9937-0cc9a2ac43c0", "isDeleted":"false", "size":"650", "version":"1775292904767"}}
{"logTime": "0815/131104", "correlationVector":"brYTiMD1bXtZtbI3Sagrje.10","action":"Commit.Passwords", "result":"Conflict", "context":{"id":"9fdaf50d-6e34-4e00-a220-fc668d0bb27c", "isDeleted":"false", "size":"714", "version":"1775292907693"}}
{"logTime": "0815/131104", "correlationVector":"brYTiMD1bXtZtbI3Sagrje.11","action":"Commit.Passwords", "result":"Conflict", "context":{"id":"70639fef-b379-40d2-a5a6-d3724bcb4fa7", "isDeleted":"false", "size":"623", "version":"1775292904802"}}
{"logTime": "0815/131104", "correlationVector":"brYTiMD1bXtZtbI3Sagrje.12","action":"Commit.Passwords", "result":"Conflict", "context":{"id":"03b10d43-88f7-482a-a329-ebd8189fa9b5", "isDeleted":"false", "size":"710", "version":"1775292904775"}}
{"logTime": "0815/131104", "correlationVector":"brYTiMD1bXtZtbI3Sagrje.13","action":"Commit.Passwords", "result":"Conflict", "context":{"id":"3f84c17a-4c7c-4df5-8650-4357d026a609", "isDeleted":"false", "size":"713", "version":"1775292907710"}}
{"logTime": "0815/131104", "correlationVector":"brYTiMD1bXtZtbI3Sagrje.14","action":"Commit.Passwords", "result":"Conflict", "context":{"id":"21a5507f-0e83-4c51-b3c4-4c026d01d59a", "isDeleted":"false", "size":"683", "version":"1775292904774"}}
{"logTime": "0815/131104", "correlationVector":"brYTiMD1bXtZtbI3Sagrje.15","action":"Commit.Passwords", "result":"Conflict", "context":{"id":"d021c75a-0e0f-425c-8688-1390bd17281d", "isDeleted":"false", "size":"677", "version":"1775292904798"}}
{"logTime": "0815/131104", "correlationVector":"brYTiMD1bXtZtbI3Sagrje.16","action":"Commit.Passwords", "result":"Conflict", "context":{"id":"80a249a7-3cdb-4560-a4e8-8604fe93d003", "isDeleted":"false", "size":"710", "version":"1775292904793"}}
{"logTime": "0815/131104", "correlationVector":"brYTiMD1bXtZtbI3Sagrje.17","action":"Commit.Passwords", "result":"Conflict", "context":{"id":"e7006d2d-5443-4af3-bf53-719a7ae5e9f8", "isDeleted":"false", "size":"714", "version":"1775292907698"}}
{"logTime": "0815/131104", "correlationVector":"brYTiMD1bXtZtbI3Sagrje.18","action":"Commit.Passwords", "result":"Conflict", "context":{"id":"c3c1fe7d-5422-42b8-beef-e94a14fd37c2", "isDeleted":"false", "size":"650", "version":"1775292904773"}}
{"logTime": "0815/131104", "correlationVector":"brYTiMD1bXtZtbI3Sagrje.19","action":"Commit.Passwords", "result":"Conflict", "context":{"id":"370d14e3-5f3b-45d7-9c04-1dd455f0dd79", "isDeleted":"false", "size":"643", "version":"1775292907709"}}
{"logTime": "0815/131104", "correlationVector":"brYTiMD1bXtZtbI3Sagrje.20","action":"Commit.Passwords", "result":"Conflict", "context":{"id":"1d9ff6c9-b9d3-450a-8231-0df85553e50f", "isDeleted":"false", "size":"669", "version":"1775292904790"}}
{"logTime": "0815/131104", "correlationVector":"brYTiMD1bXtZtbI3Sagrje.21","action":"Commit.Passwords", "result":"Conflict", "context":{"id":"fd15475b-f7b0-4d0a-8456-4d45223cfc14", "isDeleted":"false", "size":"674", "version":"1775292904781"}}
{"logTime": "0815/131104", "correlationVector":"brYTiMD1bXtZtbI3Sagrje.22","action":"Commit.Passwords", "result":"Conflict", "context":{"id":"ae910707-fad0-40b5-9a0f-9b1c91c9dcf2", "isDeleted":"false", "size":"722", "version":"1775292904771"}}
{"logTime": "0815/131104", "correlationVector":"brYTiMD1bXtZtbI3Sagrje.23","action":"Commit.Passwords", "result":"Conflict", "context":{"id":"e7e5a058-f2ec-4a62-b022-ccbb3da12533", "isDeleted":"false", "size":"708", "version":"1775292904794"}}
{"logTime": "0815/131104", "correlationVector":"brYTiMD1bXtZtbI3Sagrje.24","action":"Commit.Passwords", "result":"Conflict", "context":{"id":"77dabaa6-6b86-4410-955f-cd0f1e21472c", "isDeleted":"false", "size":"712", "version":"1775292904803"}}
{"logTime": "0815/131104", "correlationVector":"brYTiMD1bXtZtbI3Sagrje.25","action":"Commit.Passwords", "result":"Conflict", "context":{"id":"23293c38-666c-424f-b92e-f1842825e9d6", "isDeleted":"false", "size":"701", "version":"1775292904796"}}
{"logTime": "0815/131104", "correlationVector":"brYTiMD1bXtZtbI3Sagrje.26","action":"Commit.Passwords", "result":"Conflict", "context":{"id":"7b275ae4-bedb-4eb8-9cbf-15b2d3f156f4", "isDeleted":"false", "size":"733", "version":"1775292907694"}}
{"logTime": "0815/131104", "correlationVector":"brYTiMD1bXtZtbI3Sagrje.27","action":"Commit.Passwords", "result":"Conflict", "context":{"id":"02ec6416-b788-4550-b957-14fe52b4fe2f", "isDeleted":"false", "size":"715", "version":"1775292904782"}}
{"logTime": "0815/131104", "correlationVector":"brYTiMD1bXtZtbI3Sagrje.28","action":"Commit.Passwords", "result":"Conflict", "context":{"id":"c26f21fe-5040-492c-adbb-5541f0a8a4a0", "isDeleted":"false", "size":"689", "version":"1775292907700"}}
{"logTime": "0815/131104", "correlationVector":"brYTiMD1bXtZtbI3Sagrje.29","action":"Commit.Passwords", "result":"Conflict", "context":{"id":"abc6ce00-8d47-4d9f-8bac-05747c7af7c5", "isDeleted":"false", "size":"709", "version":"1775292907702"}}
{"logTime": "0815/131104", "correlationVector":"brYTiMD1bXtZtbI3Sagrje.30","action":"Commit.Passwords", "result":"Conflict", "context":{"id":"55ec41ae-0aeb-4989-9db5-5166274851b5", "isDeleted":"false", "size":"674", "version":"1775292904797"}}
{"logTime": "0815/131104", "correlationVector":"brYTiMD1bXtZtbI3Sagrje.31","action":"Commit.Passwords", "result":"Conflict", "context":{"id":"4032528a-8278-4702-9039-a1cdde5ac068", "isDeleted":"false", "size":"673", "version":"1775292904785"}}
{"logTime": "0815/131104", "correlationVector":"brYTiMD1bXtZtbI3Sagrje.32","action":"Commit.Passwords", "result":"Conflict", "context":{"id":"ea509d8f-ea52-4b92-b8e9-8ac7daadfbbf", "isDeleted":"false", "size":"687", "version":"1775292907703"}}
{"logTime": "0815/131104", "correlationVector":"brYTiMD1bXtZtbI3Sagrje.33","action":"Commit.Passwords", "result":"Conflict", "context":{"id":"bad319b2-08ef-4523-b156-2fe63139ab20", "isDeleted":"false", "size":"714", "version":"1783955501093"}}
{"logTime": "0815/131104", "correlationVector":"brYTiMD1bXtZtbI3Sagrje.34","action":"Commit.Passwords", "result":"Conflict", "context":{"id":"a6f323d1-9a53-41a3-81d9-7f655f4bd146", "isDeleted":"false", "size":"643", "version":"1775292904788"}}
{"logTime": "0815/131104", "correlationVector":"brYTiMD1bXtZtbI3Sagrje.35","action":"Commit.Passwords", "result":"Conflict", "context":{"id":"255a3e04-c954-4c94-b148-6a630aa95ec8", "isDeleted":"false", "size":"723", "version":"1775292907711"}}
{"logTime": "0815/131104", "correlationVector":"brYTiMD1bXtZtbI3Sagrje.36","action":"Commit.Passwords", "result":"Conflict", "context":{"id":"accf57ef-fa6d-40e1-bd13-e3f74bd8818f", "isDeleted":"false", "size":"670", "version":"1775292904791"}}
{"logTime": "0815/131104", "correlationVector":"brYTiMD1bXtZtbI3Sagrje.37","action":"Commit.Passwords", "result":"Conflict", "context":{"id":"93ff7f91-7657-49ea-8814-1c94d9e6d3d2", "isDeleted":"false", "size":"701", "version":"1775292907706"}}
{"logTime": "0815/131104", "correlationVector":"brYTiMD1bXtZtbI3Sagrje.38","action":"Commit.Passwords", "result":"Conflict", "context":{"id":"bbd4b97b-0d48-4056-8d88-6f975dd02868", "isDeleted":"false", "size":"649", "version":"1775292904772"}}
{"logTime": "0815/131104", "correlationVector":"brYTiMD1bXtZtbI3Sagrje.39","action":"Commit.Passwords", "result":"Conflict", "context":{"id":"884570d7-093b-4eb4-b755-5362fe4411f7", "isDeleted":"false", "size":"695", "version":"1775292904776"}}
{"logTime": "0815/131104", "correlationVector":"brYTiMD1bXtZtbI3Sagrje.40","action":"Commit.Passwords", "result":"Conflict", "context":{"id":"4575313e-3c03-45a8-9433-195a2fd188bc", "isDeleted":"false", "size":"667", "version":"1775292907704"}}
{"logTime": "0815/131104", "correlationVector":"brYTiMD1bXtZtbI3Sagrje.41","action":"Commit.Passwords", "result":"Conflict", "context":{"id":"71107c54-cfcb-4867-b6de-9e17c0c1f9cf", "isDeleted":"false", "size":"732", "version":"1775292904765"}}
{"logTime": "0815/131104", "correlationVector":"brYTiMD1bXtZtbI3Sagrje.42","action":"Commit.Passwords", "result":"Conflict", "context":{"id":"428b87da-8941-408f-812d-adb65890d05e", "isDeleted":"false", "size":"830", "version":"1775292904795"}}
{"logTime": "0815/131105", "correlationVector":"H1H7yT6ZwG5obz9O8jGUwv","action":"Normal GetUpdate request", "result":"", "context":cV=H1H7yT6ZwG5obz9O8jGUwv
Nudged types: Passwords, Sessions, History
Notified types: Device Info}
{"logTime": "0815/131105", "correlationVector":"H1H7yT6ZwG5obz9O8jGUwv.1","action":"SyncServerConnectionManagerRequest", "result":"SYNC_SERVER_OK", "context":{"environment":"Prod_southeastasia_prod-s01-064-apac-southeastasia", "migrationStage":"NotStarted", "server":"akswtt00300001l"}}
{"logTime": "0815/131105", "correlationVector":"H1H7yT6ZwG5obz9O8jGUwv.2","action":"ProcessGetUpdates", "result":"Done", "context":{"dataType":"Passwords", "deleted":"0", "process_failed_to_decrypt":"0", "process_pending_decryption":"0", "process_success":"17", "total":"17"}}
{"logTime": "0815/131105", "correlationVector":"H1H7yT6ZwG5obz9O8jGUwv.3","action":"ProcessGetUpdates", "result":"Done", "context":{"dataType":"Sessions", "deleted":"0", "process_failed_to_decrypt":"0", "process_pending_decryption":"0", "process_success":"2", "total":"2"}}
{"logTime": "0815/131105", "correlationVector":"H1H7yT6ZwG5obz9O8jGUwv.4","action":"ProcessGetUpdates", "result":"Done", "context":{"dataType":"Device Info", "deleted":"0", "process_failed_to_decrypt":"0", "process_pending_decryption":"0", "process_success":"1", "total":"1"}}
{"logTime": "0815/131105", "correlationVector":"H1H7yT6ZwG5obz9O8jGUwv.5","action":"GetUpdates Response", "result":"Success", "context":Received 20 update(s). cV=H1H7yT6ZwG5obz9O8jGUwv.0;server=akswtt00300001l;cloudType=Consumer;environment=Prod_southeastasia_prod-s01-064-apac-southeastasia;migrationStage=NotStarted}
{"logTime": "0815/131107", "correlationVector":"wWkT8s4eTFMZn2zIaqSaJi","action":"Commit Request", "result":"", "context":Item count: 40
Contributing types: Passwords}
{"logTime": "0815/131108", "correlationVector":"wWkT8s4eTFMZn2zIaqSaJi","action":"SyncServerConnectionManagerRequest", "result":"CONNECTION_UNAVAILABLE", "context":{"error_type":"net_error_code", "error_value":"-3"}}
