{"logTime": "0815/131432", "correlationVector":"d97Kgs4S94EHOdenpXcLLk.1","action":"SyncServerConnectionManagerRequest", "result":"SYNC_SERVER_OK", "context":{"environment":"Prod_southeastasia_prod-s01-064-apac-southeastasia", "migrationStage":"NotStarted", "server":"akswtt00300001m"}}
{"logTime": "0815/131432", "correlationVector":"d97Kgs4S94EHOdenpXcLLk.2","action":"ProcessGetUpdates", "result":"Done", "context":{"dataType":"Encryption Keys", "deleted":"0", "process_failed_to_decrypt":"0", "process_pending_decryption":"0", "process_success":"1", "total":"1"}}
{"logTime": "0815/131432", "correlationVector":"meowC0pR9XxBcOTiS2It3g","action":"SyncServerConnectionManagerRequest", "result":"SYNC_SERVER_ERROR", "context":{"environment":"", "error_type":"http_status_code", "error_value":"400", "migrationStage":"", "server":""}}
{"logTime": "0815/131432", "correlationVector":"d97Kgs4S94EHOdenpXcLLk","action":"Initial GetUpdates", "result":"", "context":Reason: NEW_CLIENT. cV=d97Kgs4S94EHOdenpXcLLk}
{"logTime": "0815/131432", "correlationVector":"d97Kgs4S94EHOdenpXcLLk.3","action":"GetUpdates Response", "result":"Success", "context":Received 1 update(s). cV=d97Kgs4S94EHOdenpXcLLk.0;server=akswtt00300001m;cloudType=Consumer;environment=Prod_southeastasia_prod-s01-064-apac-southeastasia;migrationStage=NotStarted}
{"logTime": "0815/131432", "correlationVector":"voNLWoenw1dvzU/sg9RGjh","action":"Initial GetUpdates", "result":"", "context":Reason: NEW_CLIENT. cV=voNLWoenw1dvzU/sg9RGjh}
{"logTime": "0815/131433", "correlationVector":"voNLWoenw1dvzU/sg9RGjh.1","action":"SyncServerConnectionManagerRequest", "result":"SYNC_SERVER_OK", "context":{"environment":"Prod_southeastasia_prod-s01-064-apac-southeastasia", "migrationStage":"NotStarted", "server":"akswtt00300000v"}}
{"logTime": "0815/131433", "correlationVector":"voNLWoenw1dvzU/sg9RGjh.2","action":"ProcessGetUpdates", "result":"Done", "context":{"dataType":"Device Info", "deleted":"0", "process_failed_to_decrypt":"0", "process_pending_decryption":"0", "process_success":"34", "total":"34"}}
{"logTime": "0815/131433", "correlationVector":"voNLWoenw1dvzU/sg9RGjh.3","action":"GetUpdates Response", "result":"Success", "context":Received 34 update(s). cV=voNLWoenw1dvzU/sg9RGjh.0;server=akswtt00300000v;cloudType=Consumer;environment=Prod_southeastasia_prod-s01-064-apac-southeastasia;migrationStage=NotStarted}
{"logTime": "0815/131434", "correlationVector":"+9iMNwY8VUR75pZP1X+jWO","action":"SyncServerConnectionManagerRequest", "result":"SYNC_SERVER_ERROR", "context":{"environment":"", "error_type":"http_status_code", "error_value":"400", "migrationStage":"", "server":""}}
{"logTime": "0815/131434", "correlationVector":"Bv/LwHPFbQtjB9OuTOZBsf","action":"Initial GetUpdates", "result":"", "context":Reason: NEW_CLIENT. cV=Bv/LwHPFbQtjB9OuTOZBsf}
{"logTime": "0815/131435", "correlationVector":"Bv/LwHPFbQtjB9OuTOZBsf.1","action":"SyncServerConnectionManagerRequest", "result":"SYNC_SERVER_OK", "context":{"environment":"Prod_southeastasia_prod-s01-064-apac-southeastasia", "migrationStage":"NotStarted", "server":"akswtt00300000m"}}
{"logTime": "0815/131435", "correlationVector":"Bv/LwHPFbQtjB9OuTOZBsf.2","action":"ProcessGetUpdates", "result":"Done", "context":{"dataType":"Bookmarks", "deleted":"0", "process_failed_to_decrypt":"0", "process_pending_decryption":"0", "process_success":"99", "total":"99"}}
{"logTime": "0815/131435", "correlationVector":"Bv/LwHPFbQtjB9OuTOZBsf.3","action":"ProcessGetUpdates", "result":"Done", "context":{"dataType":"Preferences", "deleted":"0", "process_failed_to_decrypt":"0", "process_pending_decryption":"0", "process_success":"108", "total":"108"}}
{"logTime": "0815/131435", "correlationVector":"Bv/LwHPFbQtjB9OuTOZBsf.4","action":"ProcessGetUpdates", "result":"Done", "context":{"dataType":"Extensions", "deleted":"0", "process_failed_to_decrypt":"0", "process_pending_decryption":"0", "process_success":"13", "total":"13"}}
{"logTime": "0815/131435", "correlationVector":"Bv/LwHPFbQtjB9OuTOZBsf.5","action":"ProcessGetUpdates", "result":"Done", "context":{"dataType":"Extension settings", "deleted":"0", "process_failed_to_decrypt":"0", "process_pending_decryption":"0", "process_success":"16", "total":"16"}}
{"logTime": "0815/131435", "correlationVector":"Bv/LwHPFbQtjB9OuTOZBsf.6","action":"ProcessGetUpdates", "result":"Done", "context":{"dataType":"Web Apps", "deleted":"0", "process_failed_to_decrypt":"0", "process_pending_decryption":"0", "process_success":"1", "total":"1"}}
{"logTime": "0815/131435", "correlationVector":"Bv/LwHPFbQtjB9OuTOZBsf.7","action":"ProcessGetUpdates", "result":"Done", "context":{"dataType":"Edge Hub App Usage", "deleted":"0", "process_failed_to_decrypt":"0", "process_pending_decryption":"0", "process_success":"2", "total":"2"}}
{"logTime": "0815/131435", "correlationVector":"Bv/LwHPFbQtjB9OuTOZBsf.8","action":"GetUpdates Response", "result":"Success", "context":Received 239 update(s). cV=Bv/LwHPFbQtjB9OuTOZBsf.0;server=akswtt00300000m;cloudType=Consumer;environment=Prod_southeastasia_prod-s01-064-apac-southeastasia;migrationStage=NotStarted Some updates remain.}
{"logTime": "0815/131435", "correlationVector":"IpLj7WEUtV7FTVcPuGwL6/","action":"Initial GetUpdates", "result":"", "context":Reason: NEW_CLIENT. cV=IpLj7WEUtV7FTVcPuGwL6/}
{"logTime": "0815/131436", "correlationVector":"IpLj7WEUtV7FTVcPuGwL6/.1","action":"SyncServerConnectionManagerRequest", "result":"SYNC_SERVER_OK", "context":{"environment":"Prod_southeastasia_prod-s01-064-apac-southeastasia", "migrationStage":"NotStarted", "server":"akswtt003000004"}}
{"logTime": "0815/131436", "correlationVector":"IpLj7WEUtV7FTVcPuGwL6/.2","action":"ProcessGetUpdates", "result":"Done", "context":{"dataType":"Preferences", "deleted":"0", "process_failed_to_decrypt":"0", "process_pending_decryption":"0", "process_success":"3", "total":"3"}}
{"logTime": "0815/131436", "correlationVector":"IpLj7WEUtV7FTVcPuGwL6/.3","action":"ProcessGetUpdates", "result":"Done", "context":{"dataType":"Extensions", "deleted":"0", "process_failed_to_decrypt":"0", "process_pending_decryption":"0", "process_success":"2", "total":"2"}}
{"logTime": "0815/131436", "correlationVector":"IpLj7WEUtV7FTVcPuGwL6/.4","action":"ProcessGetUpdates", "result":"Done", "context":{"dataType":"Sessions", "deleted":"0", "process_failed_to_decrypt":"0", "process_pending_decryption":"0", "process_success":"8", "total":"8"}}
{"logTime": "0815/131436", "correlationVector":"IpLj7WEUtV7FTVcPuGwL6/.5","action":"ProcessGetUpdates", "result":"Done", "context":{"dataType":"Edge Hub App Usage", "deleted":"0", "process_failed_to_decrypt":"0", "process_pending_decryption":"0", "process_success":"2", "total":"2"}}
{"logTime": "0815/131436", "correlationVector":"IpLj7WEUtV7FTVcPuGwL6/.6","action":"GetUpdates Response", "result":"Success", "context":Received 15 update(s). cV=IpLj7WEUtV7FTVcPuGwL6/.0;server=akswtt003000004;cloudType=Consumer;environment=Prod_southeastasia_prod-s01-064-apac-southeastasia;migrationStage=NotStarted}
{"logTime": "0815/131436", "correlationVector":"K6bBa73WcqxW5slqwcysck","action":"SyncServerConnectionManagerRequest", "result":"SYNC_SERVER_ERROR", "context":{"environment":"", "error_type":"http_status_code", "error_value":"400", "migrationStage":"", "server":""}}
{"logTime": "0815/131436", "correlationVector":"SuAhkiNarRfi1nG6OUU/Zu","action":"Initial GetUpdates", "result":"", "context":Reason: NEW_CLIENT. cV=SuAhkiNarRfi1nG6OUU/Zu}
{"logTime": "0815/131437", "correlationVector":"SuAhkiNarRfi1nG6OUU/Zu.1","action":"SyncServerConnectionManagerRequest", "result":"SYNC_SERVER_OK", "context":{"environment":"Prod_southeastasia_prod-s01-064-apac-southeastasia", "migrationStage":"NotStarted", "server":"akswtt00300000u"}}
{"logTime": "0815/131437", "correlationVector":"SuAhkiNarRfi1nG6OUU/Zu.2","action":"ProcessGetUpdates", "result":"Done", "context":{"dataType":"History", "deleted":"0", "process_failed_to_decrypt":"0", "process_pending_decryption":"0", "process_success":"44", "total":"44"}}
{"logTime": "0815/131437", "correlationVector":"SuAhkiNarRfi1nG6OUU/Zu.3","action":"GetUpdates Response", "result":"Success", "context":Received 44 update(s). cV=SuAhkiNarRfi1nG6OUU/Zu.0;server=akswtt00300000u;cloudType=Consumer;environment=Prod_southeastasia_prod-s01-064-apac-southeastasia;migrationStage=NotStarted}
{"logTime": "0815/131437", "correlationVector":"rKzZoN0ArmObdtP01Mo3TA","action":"SyncServerConnectionManagerRequest", "result":"SYNC_SERVER_ERROR", "context":{"environment":"", "error_type":"http_status_code", "error_value":"400", "migrationStage":"", "server":""}}
{"logTime": "0815/131438", "correlationVector":"DIkfTq3jaw5kHNEjpI8zlO","action":"Normal GetUpdate request", "result":"", "context":cV=DIkfTq3jaw5kHNEjpI8zlO
Nudged types: Sessions, Device Info, User Consents, History
Refresh requested types: Bookmarks, Preferences, Extensions, Sessions, Extension settings, History Delete Directives, Device Info, User Consents, Send Tab To Self, Web Apps, History, Saved Tab Group, WebAuthn Credentials, Edge E Drop, Edge Hub App Usage, Edge Workspace, Encryption Keys}
{"logTime": "0815/131438", "correlationVector":"DIkfTq3jaw5kHNEjpI8zlO","action":"SyncServerConnectionManagerRequest", "result":"CONNECTION_UNAVAILABLE", "context":{"error_type":"net_error_code", "error_value":"-3"}}
