2026-08-15 13:14:28.173: [INFO][Sync] Reset engine, reason: 8
2026-08-15 13:14:28.174: [INFO][Sync] Stopped: Bookmarks
2026-08-15 13:14:28.174: [INFO][Sync] Stopped: Preferences
2026-08-15 13:14:28.174: [INFO][Sync] Stopped: Passwords
2026-08-15 13:14:28.174: [INFO][Sync] Stopped: Autofill Profiles
2026-08-15 13:14:28.174: [INFO][Sync] Stopped: Autofill
2026-08-15 13:14:28.174: [INFO][Sync] Stopped: Extensions
2026-08-15 13:14:28.174: [INFO][Sync] Stopped: Sessions
2026-08-15 13:14:28.174: [INFO][Sync] Stopped: Extension settings
2026-08-15 13:14:28.174: [INFO][Sync] Stopped: History Delete Directives
2026-08-15 13:14:28.174: [INFO][Sync] Stopped: Device Info
2026-08-15 13:14:28.174: [INFO][Sync] Stopped: User Consents
2026-08-15 13:14:28.174: [INFO][Sync] Stopped: Send Tab To Self
2026-08-15 13:14:28.174: [INFO][Sync] Stopped: Web Apps
2026-08-15 13:14:28.174: [INFO][Sync] Stopped: History
2026-08-15 13:14:28.174: [INFO][Sync] Stopped: Saved Tab Group
2026-08-15 13:14:28.174: [INFO][Sync] Stopped: WebAuthn Credentials
2026-08-15 13:14:28.174: [INFO][Sync] Stopped: Edge E Drop
2026-08-15 13:14:28.174: [INFO][Sync] Stopped: Edge Hub App Usage
2026-08-15 13:14:28.174: [INFO][Sync] Stopped: Edge Journey
2026-08-15 13:14:28.174: [INFO][Sync] Stopped: Edge Workspace
2026-08-15 13:14:28.174: [INFO][Sync] SyncState after authenticated was: NotSignedIn
2026-08-15 13:14:28.670: [INFO][Sync] Reset engine, reason: 8
2026-08-15 13:14:28.670: [INFO][Sync] Stopped: Bookmarks
2026-08-15 13:14:28.670: [INFO][Sync] Stopped: Preferences
2026-08-15 13:14:28.670: [INFO][Sync] Stopped: Passwords
2026-08-15 13:14:28.670: [INFO][Sync] Stopped: Autofill Profiles
2026-08-15 13:14:28.670: [INFO][Sync] Stopped: Autofill
2026-08-15 13:14:28.670: [INFO][Sync] Stopped: Extensions
2026-08-15 13:14:28.670: [INFO][Sync] Stopped: Sessions
2026-08-15 13:14:28.670: [INFO][Sync] Stopped: Extension settings
2026-08-15 13:14:28.670: [INFO][Sync] Stopped: History Delete Directives
2026-08-15 13:14:28.670: [INFO][Sync] Stopped: Device Info
2026-08-15 13:14:28.670: [INFO][Sync] Stopped: User Consents
2026-08-15 13:14:28.670: [INFO][Sync] Stopped: Send Tab To Self
2026-08-15 13:14:28.670: [INFO][Sync] Stopped: Web Apps
2026-08-15 13:14:28.670: [INFO][Sync] Stopped: History
2026-08-15 13:14:28.670: [INFO][Sync] Stopped: Saved Tab Group
2026-08-15 13:14:28.670: [INFO][Sync] Stopped: WebAuthn Credentials
2026-08-15 13:14:28.670: [INFO][Sync] Stopped: Edge E Drop
2026-08-15 13:14:28.670: [INFO][Sync] Stopped: Edge Hub App Usage
2026-08-15 13:14:28.670: [INFO][Sync] Stopped: Edge Journey
2026-08-15 13:14:28.670: [INFO][Sync] Stopped: Edge Workspace
2026-08-15 13:14:31.276: [INFO][Sync] Try to start sync engine
2026-08-15 13:14:31.288: [INFO][SyncManagerImpl::NudgeForInitialDownload] Initial download nudge for Encryption Keys
2026-08-15 13:14:31.288: [INFO][SyncEngineBackend::LoadAndConnectNigoriController] Load and connect Nigori controller
2026-08-15 13:14:31.288: [INFO][SyncEngineBackend::DoInitialize] Control Types added: Encryption Keys
2026-08-15 13:14:31.288: [INFO][SyncManagerImpl::ConfigureSyncer] Types to download: Encryption Keys with reason: 3
2026-08-15 13:14:31.289: [INFO][SyncSchedulerImpl::DoConfigurationSyncCycleJob] Configure job was blocked
2026-08-15 13:14:31.375: [INFO][SyncAuthManager::SetLastAuthError] Current auth error: None
2026-08-15 13:14:31.375: [INFO][SyncAuthManager::EdgeLogTokenErrorState] Token error with: None for account type: MSA
2026-08-15 13:14:31.375: [INFO][Sync] Credentials changed for: EdgeSyncScopeNew
2026-08-15 13:14:31.566: [INFO][SyncAuthManager::SetLastAuthError] Current auth error: None
2026-08-15 13:14:31.566: [INFO][SyncAuthManager::EdgeLogTokenErrorState] Token error with: None for account type: MSA
2026-08-15 13:14:31.566: [INFO][Sync] Credentials changed for: EdgeSyncKeyDataScope
2026-08-15 13:14:31.566: [INFO][SyncEngineBackend::DoUpdateKeyDataCredentials] Update key data credentials
2026-08-15 13:14:31.566: [INFO][SyncEngineBackend::DoUpdateCredentials] Update credentials
2026-08-15 13:14:31.567: [INFO][SyncSchedulerImpl::DoConfigurationSyncCycleJob] Blocked types:  and types to download: Encryption Keys
2026-08-15 13:14:32.036: [INFO][Sync] Started DataTypeManager configuration, reason: 4
2026-08-15 13:14:32.036: [INFO][Sync] Configuring for: Bookmarks, Preferences, Passwords, Autofill Profiles, Autofill, Extensions, Sessions, Extension settings, History Delete Directives, Device Info, User Consents, Send Tab To Self, Web Apps, History, Saved Tab Group, WebAuthn Credentials, Edge E Drop, Edge Hub App Usage, Edge Workspace, Encryption Keys, reason: 3, current state: 0
2026-08-15 13:14:32.036: [WARN][Sync] Crypto error data types: Passwords, Autofill Profiles, Autofill
2026-08-15 13:14:32.040: [INFO][Sync] Configure, desired: Bookmarks, Preferences, Extensions, Sessions, Extension settings, History Delete Directives, Device Info, User Consents, Send Tab To Self, Web Apps, History, Saved Tab Group, WebAuthn Credentials, Edge E Drop, Edge Hub App Usage, Edge Workspace, Encryption Keys; Allow fail: Passwords, Autofill Profiles, Autofill
2026-08-15 13:14:32.040: [INFO][Sync] Loading: Bookmarks
2026-08-15 13:14:32.040: [INFO][Sync] Loading: Preferences
2026-08-15 13:14:32.040: [INFO][Sync] Loading: Extensions
2026-08-15 13:14:32.040: [INFO][Sync] Loading: Sessions
2026-08-15 13:14:32.040: [INFO][Sync] Loading: Extension settings
2026-08-15 13:14:32.040: [INFO][Sync] Loading: History Delete Directives
2026-08-15 13:14:32.041: [INFO][Sync] Loading: Device Info
2026-08-15 13:14:32.041: [INFO][Sync] Loading: User Consents
2026-08-15 13:14:32.041: [INFO][Sync] Loading: Send Tab To Self
2026-08-15 13:14:32.041: [INFO][Sync] Loading: Web Apps
2026-08-15 13:14:32.041: [INFO][Sync] Loading: History
2026-08-15 13:14:32.041: [INFO][Sync] Loading: Saved Tab Group
2026-08-15 13:14:32.041: [INFO][Sync] Loading: WebAuthn Credentials
2026-08-15 13:14:32.041: [INFO][Sync] Loading: Edge E Drop
2026-08-15 13:14:32.041: [INFO][Sync] Loading: Edge Hub App Usage
2026-08-15 13:14:32.041: [INFO][Sync] Loading: Edge Workspace
2026-08-15 13:14:32.081: [INFO][Sync] All data types are ready for configure.
2026-08-15 13:14:32.940: [INFO][Sync] Connection status changed to: 2
2026-08-15 13:14:32.940: [INFO][SyncEngineBackend::DoStartConfiguration] Start configuration
2026-08-15 13:14:32.940: [INFO][SyncManagerImpl::NudgeForInitialDownload] Initial download nudge for Bookmarks
2026-08-15 13:14:32.940: [INFO][SyncManagerImpl::NudgeForInitialDownload] Initial download nudge for Preferences
2026-08-15 13:14:32.940: [INFO][SyncManagerImpl::NudgeForInitialDownload] Initial download nudge for Extensions
2026-08-15 13:14:32.940: [INFO][SyncManagerImpl::NudgeForInitialDownload] Initial download nudge for Sessions
2026-08-15 13:14:32.940: [INFO][SyncManagerImpl::NudgeForInitialDownload] Initial download nudge for Extension settings
2026-08-15 13:14:32.940: [INFO][SyncManagerImpl::NudgeForInitialDownload] Initial download nudge for History Delete Directives
2026-08-15 13:14:32.940: [INFO][SyncManagerImpl::NudgeForInitialDownload] Initial download nudge for Device Info
2026-08-15 13:14:32.940: [INFO][SyncManagerImpl::NudgeForInitialDownload] Initial download nudge for Send Tab To Self
2026-08-15 13:14:32.940: [INFO][SyncManagerImpl::NudgeForInitialDownload] Initial download nudge for Web Apps
2026-08-15 13:14:32.940: [INFO][SyncManagerImpl::NudgeForInitialDownload] Initial download nudge for History
2026-08-15 13:14:32.940: [INFO][SyncManagerImpl::NudgeForInitialDownload] Initial download nudge for Saved Tab Group
2026-08-15 13:14:32.940: [INFO][SyncManagerImpl::NudgeForInitialDownload] Initial download nudge for WebAuthn Credentials
2026-08-15 13:14:32.940: [INFO][SyncManagerImpl::NudgeForInitialDownload] Initial download nudge for Edge E Drop
2026-08-15 13:14:32.940: [INFO][SyncManagerImpl::NudgeForInitialDownload] Initial download nudge for Edge Hub App Usage
2026-08-15 13:14:32.940: [INFO][SyncManagerImpl::NudgeForInitialDownload] Initial download nudge for Edge Workspace
2026-08-15 13:14:32.940: [INFO][SyncManagerImpl::ConfigureSyncer] Types to download:  with reason: 3
2026-08-15 13:14:32.940: [INFO][SyncEngineBackend::DoFinishConfigureDataTypes] Failed to download types:  and succeeded types: 
2026-08-15 13:14:32.945: [INFO][Sync] ConfigurationDone, failed: , succeeded: , remaining count: 3
2026-08-15 13:14:32.945: [INFO][Sync] Prepare to configure types: Device Info, Edge E Drop, Encryption Keys
2026-08-15 13:14:32.945: [INFO][SyncManagerImpl::ConfigureSyncer] Types to download: Device Info, Edge E Drop, Encryption Keys with reason: 3
2026-08-15 13:14:32.945: [INFO][SyncSchedulerImpl::DoConfigurationSyncCycleJob] Blocked types:  and types to download: Device Info, Edge E Drop, Encryption Keys
2026-08-15 13:14:33.043: [INFO][SyncAuthManager::SetLastAuthError] Current auth error: None
2026-08-15 13:14:33.043: [INFO][SyncAuthManager::EdgeLogTokenErrorState] Token error with: None for account type: MSA
2026-08-15 13:14:33.043: [INFO][Sync] Credentials changed for: EdgeSyncKeyDataScope
2026-08-15 13:14:33.616: [INFO][SyncEngineBackend::DoFinishConfigureDataTypes] Failed to download types:  and succeeded types: Device Info, Edge E Drop, Encryption Keys
2026-08-15 13:14:33.621: [INFO][Sync] ConfigurationDone, failed: , succeeded: Device Info, Edge E Drop, Encryption Keys, remaining count: 2
2026-08-15 13:14:33.621: [INFO][Sync] Prepare to configure types: Bookmarks, Preferences, Extensions, Sessions, Extension settings, History Delete Directives, Send Tab To Self, Web Apps, Saved Tab Group, WebAuthn Credentials, Edge Hub App Usage, Edge Workspace, Encryption Keys
2026-08-15 13:14:34.133: [INFO][SyncEngineBackend::DoUpdateKeyDataCredentials] Update key data credentials
2026-08-15 13:14:34.133: [INFO][Sync] Connection status changed to: 2
2026-08-15 13:14:34.133: [INFO][SyncManagerImpl::ConfigureSyncer] Types to download: Bookmarks, Preferences, Extensions, Sessions, Extension settings, History Delete Directives, Send Tab To Self, Web Apps, Saved Tab Group, WebAuthn Credentials, Edge Hub App Usage, Edge Workspace, Encryption Keys with reason: 3
2026-08-15 13:14:34.133: [INFO][SyncSchedulerImpl::DoConfigurationSyncCycleJob] Blocked types:  and types to download: Bookmarks, Preferences, Extensions, Sessions, Extension settings, History Delete Directives, Send Tab To Self, Web Apps, Saved Tab Group, WebAuthn Credentials, Edge Hub App Usage, Edge Workspace, Encryption Keys
2026-08-15 13:14:34.888: [INFO][SyncAuthManager::SetLastAuthError] Current auth error: None
2026-08-15 13:14:34.888: [INFO][SyncAuthManager::EdgeLogTokenErrorState] Token error with: None for account type: MSA
2026-08-15 13:14:34.888: [INFO][Sync] Credentials changed for: EdgeSyncScopeNew
2026-08-15 13:14:36.043: [INFO][SyncAuthManager::SetLastAuthError] Current auth error: None
2026-08-15 13:14:36.043: [INFO][SyncAuthManager::EdgeLogTokenErrorState] Token error with: None for account type: MSA
2026-08-15 13:14:36.043: [INFO][Sync] Credentials changed for: EdgeSyncKeyDataScope
2026-08-15 13:14:36.195: [INFO][SyncEngineBackend::DoFinishConfigureDataTypes] Failed to download types:  and succeeded types: Bookmarks, Preferences, Extensions, Sessions, Extension settings, History Delete Directives, Send Tab To Self, Web Apps, Saved Tab Group, WebAuthn Credentials, Edge Hub App Usage, Edge Workspace, Encryption Keys
2026-08-15 13:14:36.228: [INFO][Sync] ConfigurationDone, failed: , succeeded: Bookmarks, Preferences, Extensions, Sessions, Extension settings, History Delete Directives, Send Tab To Self, Web Apps, Saved Tab Group, WebAuthn Credentials, Edge Hub App Usage, Edge Workspace, Encryption Keys, remaining count: 1
2026-08-15 13:14:36.228: [INFO][Sync] Prepare to configure types: History, Encryption Keys
2026-08-15 13:14:36.751: [INFO][Sync] Connection status changed to: 2
2026-08-15 13:14:36.751: [INFO][SyncEngineBackend::DoUpdateKeyDataCredentials] Update key data credentials
2026-08-15 13:14:36.751: [INFO][SyncEngineBackend::DoUpdateCredentials] Update credentials
2026-08-15 13:14:36.751: [INFO][SyncManagerImpl::ConfigureSyncer] Types to download: History, Encryption Keys with reason: 3
2026-08-15 13:14:36.751: [INFO][SyncSchedulerImpl::DoConfigurationSyncCycleJob] Blocked types:  and types to download: History, Encryption Keys
2026-08-15 13:14:37.324: [INFO][SyncEngineBackend::DoFinishConfigureDataTypes] Failed to download types:  and succeeded types: History, Encryption Keys
2026-08-15 13:14:37.330: [INFO][Sync] ConfigurationDone, failed: , succeeded: History, Encryption Keys, remaining count: 0
2026-08-15 13:14:37.330: [INFO][Sync]     Configuration completed, state: 3
2026-08-15 13:14:37.330: [INFO][Sync] Configured DataTypeManager: Ok
2026-08-15 13:14:37.857: [INFO][SyncEngineBackend::DoStartSyncing] Start syncing
2026-08-15 13:14:38.130: [INFO][Sync] Connection status changed to: 2
2026-08-15 13:14:38.365: [INFO][Sync] Reset engine, reason: 0
2026-08-15 13:14:38.365: [INFO][Sync] Reset engine with reason: 0
2026-08-15 13:14:38.366: [INFO][SyncSchedulerImpl::OnSyncNetworkError] Syncer error: Network error (ERR_ABORTED)
2026-08-15 13:14:38.372: [INFO][SyncSchedulerImpl::DoNudgeSyncCycleJob] Syncer error: Success
